[2021-05-15T14:54:00.678+0200][gc,heap] Heap region size: 1M
[2021-05-15T14:54:00.678+0200][gc,heap,coops] Heap address: 0x00000000c0000000, size: 1024 MB, Compressed Oops mode: 32-bit
[2021-05-15T14:54:00.688+0200][gc           ] Using G1
[2021-05-15T14:54:00.688+0200][gc,cds       ] Mark closed archive regions in map: [0x00000000fff00000, 0x00000000fff7eff8]
[2021-05-15T14:54:00.688+0200][gc,cds       ] Mark open archive regions in map: [0x00000000ffe00000, 0x00000000ffe51ff8]
[2021-05-15T14:54:00.698+0200][gc           ] Periodic GC disabled
[2021-05-15T14:54:02.373+0200][gc,start     ] GC(0) Pause Young (Normal) (G1 Evacuation Pause)
[2021-05-15T14:54:02.374+0200][gc,task      ] GC(0) Using 4 workers of 4 for evacuation
[2021-05-15T14:54:02.380+0200][gc,phases    ] GC(0)   Pre Evacuate Collection Set: 0,1ms
[2021-05-15T14:54:02.380+0200][gc,phases    ] GC(0)   Merge Heap Roots: 0,0ms
[2021-05-15T14:54:02.380+0200][gc,phases    ] GC(0)   Evacuate Collection Set: 5,9ms
[2021-05-15T14:54:02.380+0200][gc,phases    ] GC(0)   Post Evacuate Collection Set: 0,5ms
[2021-05-15T14:54:02.380+0200][gc,phases    ] GC(0)   Other: 0,4ms
[2021-05-15T14:54:02.380+0200][gc,heap      ] GC(0) Eden regions: 51->0(44)
[2021-05-15T14:54:02.380+0200][gc,heap      ] GC(0) Survivor regions: 0->7(7)
[2021-05-15T14:54:02.380+0200][gc,heap      ] GC(0) Old regions: 0->0
[2021-05-15T14:54:02.380+0200][gc,heap      ] GC(0) Archive regions: 2->2
[2021-05-15T14:54:02.380+0200][gc,heap      ] GC(0) Humongous regions: 0->0
[2021-05-15T14:54:02.380+0200][gc,metaspace ] GC(0) Metaspace: 14395K(15104K)->14395K(15104K) NonClass: 12581K(13056K)->12581K(13056K) Class: 1814K(2048K)->1814K(2048K)
[2021-05-15T14:54:02.380+0200][gc           ] GC(0) Pause Young (Normal) (G1 Evacuation Pause) 51M->6M(1024M) 7,109ms
[2021-05-15T14:54:02.380+0200][gc,cpu       ] GC(0) User=0,01s Sys=0,01s Real=0,01s
[2021-05-15T14:54:03.058+0200][gc,start     ] GC(1) Pause Young (Concurrent Start) (Metadata GC Threshold)
[2021-05-15T14:54:03.058+0200][gc,task      ] GC(1) Using 4 workers of 4 for evacuation
[2021-05-15T14:54:03.066+0200][gc,phases    ] GC(1)   Pre Evacuate Collection Set: 0,2ms
[2021-05-15T14:54:03.066+0200][gc,phases    ] GC(1)   Merge Heap Roots: 0,0ms
[2021-05-15T14:54:03.066+0200][gc,phases    ] GC(1)   Evacuate Collection Set: 7,6ms
[2021-05-15T14:54:03.066+0200][gc,phases    ] GC(1)   Post Evacuate Collection Set: 0,4ms
[2021-05-15T14:54:03.066+0200][gc,phases    ] GC(1)   Other: 0,2ms
[2021-05-15T14:54:03.066+0200][gc,heap      ] GC(1) Eden regions: 28->0(49)
[2021-05-15T14:54:03.066+0200][gc,heap      ] GC(1) Survivor regions: 7->2(7)
[2021-05-15T14:54:03.066+0200][gc,heap      ] GC(1) Old regions: 0->7
[2021-05-15T14:54:03.066+0200][gc,heap      ] GC(1) Archive regions: 2->2
[2021-05-15T14:54:03.066+0200][gc,heap      ] GC(1) Humongous regions: 0->0
[2021-05-15T14:54:03.066+0200][gc,metaspace ] GC(1) Metaspace: 20587K(21248K)->20587K(21248K) NonClass: 18018K(18432K)->18018K(18432K) Class: 2569K(2816K)->2569K(2816K)
[2021-05-15T14:54:03.066+0200][gc           ] GC(1) Pause Young (Concurrent Start) (Metadata GC Threshold) 34M->8M(1024M) 8,574ms
[2021-05-15T14:54:03.066+0200][gc,cpu       ] GC(1) User=0,02s Sys=0,01s Real=0,01s
[2021-05-15T14:54:03.066+0200][gc           ] GC(2) Concurrent Cycle
[2021-05-15T14:54:03.066+0200][gc,marking   ] GC(2) Concurrent Clear Claimed Marks
[2021-05-15T14:54:03.067+0200][gc,marking   ] GC(2) Concurrent Clear Claimed Marks 0,053ms
[2021-05-15T14:54:03.067+0200][gc,marking   ] GC(2) Concurrent Scan Root Regions
[2021-05-15T14:54:03.070+0200][gc,marking   ] GC(2) Concurrent Scan Root Regions 3,545ms
[2021-05-15T14:54:03.070+0200][gc,marking   ] GC(2) Concurrent Mark (2,398s)
[2021-05-15T14:54:03.070+0200][gc,marking   ] GC(2) Concurrent Mark From Roots
[2021-05-15T14:54:03.070+0200][gc,task      ] GC(2) Using 1 workers of 1 for marking
[2021-05-15T14:54:03.072+0200][gc,marking   ] GC(2) Concurrent Mark From Roots 2,094ms
[2021-05-15T14:54:03.072+0200][gc,marking   ] GC(2) Concurrent Preclean
[2021-05-15T14:54:03.072+0200][gc,marking   ] GC(2) Concurrent Preclean 0,077ms
[2021-05-15T14:54:03.072+0200][gc,marking   ] GC(2) Concurrent Mark (2,398s, 2,400s) 2,270ms
[2021-05-15T14:54:03.073+0200][gc,start     ] GC(2) Pause Remark
[2021-05-15T14:54:03.074+0200][gc           ] GC(2) Pause Remark 8M->8M(1024M) 1,258ms
[2021-05-15T14:54:03.074+0200][gc,cpu       ] GC(2) User=0,01s Sys=0,00s Real=0,00s
[2021-05-15T14:54:03.074+0200][gc,marking   ] GC(2) Concurrent Rebuild Remembered Sets
[2021-05-15T14:54:03.077+0200][gc,marking   ] GC(2) Concurrent Rebuild Remembered Sets 3,579ms
[2021-05-15T14:54:03.081+0200][gc,start     ] GC(2) Pause Cleanup
[2021-05-15T14:54:03.081+0200][gc           ] GC(2) Pause Cleanup 8M->8M(1024M) 0,168ms
[2021-05-15T14:54:03.081+0200][gc,cpu       ] GC(2) User=0,00s Sys=0,00s Real=0,00s
[2021-05-15T14:54:03.081+0200][gc,marking   ] GC(2) Concurrent Cleanup for Next Mark
[2021-05-15T14:54:03.090+0200][gc,marking   ] GC(2) Concurrent Cleanup for Next Mark 8,560ms
[2021-05-15T14:54:03.090+0200][gc           ] GC(2) Concurrent Cycle 23,512ms
[2021-05-15T14:54:04.120+0200][gc,start     ] GC(3) Pause Young (Normal) (G1 Evacuation Pause)
[2021-05-15T14:54:04.120+0200][gc,task      ] GC(3) Using 4 workers of 4 for evacuation
[2021-05-15T14:54:04.126+0200][gc,phases    ] GC(3)   Pre Evacuate Collection Set: 0,1ms
[2021-05-15T14:54:04.126+0200][gc,phases    ] GC(3)   Merge Heap Roots: 0,0ms
[2021-05-15T14:54:04.126+0200][gc,phases    ] GC(3)   Evacuate Collection Set: 5,0ms
[2021-05-15T14:54:04.126+0200][gc,phases    ] GC(3)   Post Evacuate Collection Set: 0,6ms
[2021-05-15T14:54:04.126+0200][gc,phases    ] GC(3)   Other: 0,2ms
[2021-05-15T14:54:04.126+0200][gc,heap      ] GC(3) Eden regions: 49->0(46)
[2021-05-15T14:54:04.126+0200][gc,heap      ] GC(3) Survivor regions: 2->5(7)
[2021-05-15T14:54:04.126+0200][gc,heap      ] GC(3) Old regions: 7->7
[2021-05-15T14:54:04.126+0200][gc,heap      ] GC(3) Archive regions: 2->2
[2021-05-15T14:54:04.126+0200][gc,heap      ] GC(3) Humongous regions: 129->129
[2021-05-15T14:54:04.126+0200][gc,metaspace ] GC(3) Metaspace: 28954K(30076K)->28954K(30076K) NonClass: 25473K(26112K)->25473K(26112K) Class: 3480K(3964K)->3480K(3964K)
[2021-05-15T14:54:04.126+0200][gc           ] GC(3) Pause Young (Normal) (G1 Evacuation Pause) 186M->140M(1024M) 5,924ms
[2021-05-15T14:54:04.126+0200][gc,cpu       ] GC(3) User=0,02s Sys=0,00s Real=0,00s
[2021-05-15T15:02:33.369+0200][gc,start     ] GC(4) Pause Young (Concurrent Start) (Metadata GC Threshold)
[2021-05-15T15:02:33.370+0200][gc,task      ] GC(4) Using 4 workers of 4 for evacuation
[2021-05-15T15:02:33.381+0200][gc,phases    ] GC(4)   Pre Evacuate Collection Set: 0,3ms
[2021-05-15T15:02:33.381+0200][gc,phases    ] GC(4)   Merge Heap Roots: 0,1ms
[2021-05-15T15:02:33.381+0200][gc,phases    ] GC(4)   Evacuate Collection Set: 10,1ms
[2021-05-15T15:02:33.381+0200][gc,phases    ] GC(4)   Post Evacuate Collection Set: 0,4ms
[2021-05-15T15:02:33.381+0200][gc,phases    ] GC(4)   Other: 0,8ms
[2021-05-15T15:02:33.381+0200][gc,heap      ] GC(4) Eden regions: 29->0(49)
[2021-05-15T15:02:33.381+0200][gc,heap      ] GC(4) Survivor regions: 5->2(7)
[2021-05-15T15:02:33.381+0200][gc,heap      ] GC(4) Old regions: 7->11
[2021-05-15T15:02:33.381+0200][gc,heap      ] GC(4) Archive regions: 2->2
[2021-05-15T15:02:33.381+0200][gc,heap      ] GC(4) Humongous regions: 129->129
[2021-05-15T15:02:33.381+0200][gc,metaspace ] GC(4) Metaspace: 34571K(35964K)->34571K(35964K) NonClass: 30492K(31232K)->30492K(31232K) Class: 4078K(4732K)->4078K(4732K)
[2021-05-15T15:02:33.381+0200][gc           ] GC(4) Pause Young (Concurrent Start) (Metadata GC Threshold) 168M->142M(1024M) 11,949ms
[2021-05-15T15:02:33.381+0200][gc,cpu       ] GC(4) User=0,04s Sys=0,00s Real=0,01s
[2021-05-15T15:02:33.381+0200][gc           ] GC(5) Concurrent Cycle
[2021-05-15T15:02:33.381+0200][gc,marking   ] GC(5) Concurrent Clear Claimed Marks
[2021-05-15T15:02:33.381+0200][gc,marking   ] GC(5) Concurrent Clear Claimed Marks 0,120ms
[2021-05-15T15:02:33.381+0200][gc,marking   ] GC(5) Concurrent Scan Root Regions
[2021-05-15T15:02:33.386+0200][gc,marking   ] GC(5) Concurrent Scan Root Regions 4,939ms
[2021-05-15T15:02:33.386+0200][gc,marking   ] GC(5) Concurrent Mark (512,714s)
[2021-05-15T15:02:33.386+0200][gc,marking   ] GC(5) Concurrent Mark From Roots
[2021-05-15T15:02:33.386+0200][gc,task      ] GC(5) Using 1 workers of 1 for marking
[2021-05-15T15:02:33.396+0200][gc,marking   ] GC(5) Concurrent Mark From Roots 9,458ms
[2021-05-15T15:02:33.396+0200][gc,marking   ] GC(5) Concurrent Preclean
[2021-05-15T15:02:33.396+0200][gc,marking   ] GC(5) Concurrent Preclean 0,074ms
[2021-05-15T15:02:33.396+0200][gc,marking   ] GC(5) Concurrent Mark (512,714s, 512,724s) 9,585ms
[2021-05-15T15:02:33.396+0200][gc,start     ] GC(5) Pause Remark
[2021-05-15T15:02:33.399+0200][gc           ] GC(5) Pause Remark 142M->142M(1024M) 3,179ms
[2021-05-15T15:02:33.399+0200][gc,cpu       ] GC(5) User=0,00s Sys=0,00s Real=0,00s
[2021-05-15T15:02:33.399+0200][gc,marking   ] GC(5) Concurrent Rebuild Remembered Sets
[2021-05-15T15:02:33.409+0200][gc,marking   ] GC(5) Concurrent Rebuild Remembered Sets 9,678ms
[2021-05-15T15:02:33.409+0200][gc,start     ] GC(5) Pause Cleanup
[2021-05-15T15:02:33.410+0200][gc           ] GC(5) Pause Cleanup 142M->142M(1024M) 0,169ms
[2021-05-15T15:02:33.410+0200][gc,cpu       ] GC(5) User=0,00s Sys=0,00s Real=0,00s
[2021-05-15T15:02:33.410+0200][gc,marking   ] GC(5) Concurrent Cleanup for Next Mark
[2021-05-15T15:02:33.418+0200][gc,marking   ] GC(5) Concurrent Cleanup for Next Mark 8,387ms
[2021-05-15T15:02:33.418+0200][gc           ] GC(5) Concurrent Cycle 36,853ms
