[2021-05-15T11:55:07.249+0200][gc,heap] Heap region size: 1M
[2021-05-15T11:55:07.249+0200][gc,heap,coops] Heap address: 0x00000000c0000000, size: 1024 MB, Compressed Oops mode: 32-bit
[2021-05-15T11:55:07.260+0200][gc           ] Using G1
[2021-05-15T11:55:07.260+0200][gc,cds       ] Mark closed archive regions in map: [0x00000000fff00000, 0x00000000fff7eff8]
[2021-05-15T11:55:07.260+0200][gc,cds       ] Mark open archive regions in map: [0x00000000ffe00000, 0x00000000ffe51ff8]
[2021-05-15T11:55:07.270+0200][gc           ] Periodic GC disabled
[2021-05-15T11:55:08.263+0200][gc,start     ] GC(0) Pause Young (Normal) (G1 Evacuation Pause)
[2021-05-15T11:55:08.263+0200][gc,task      ] GC(0) Using 4 workers of 4 for evacuation
[2021-05-15T11:55:08.269+0200][gc,phases    ] GC(0)   Pre Evacuate Collection Set: 0,1ms
[2021-05-15T11:55:08.269+0200][gc,phases    ] GC(0)   Merge Heap Roots: 0,0ms
[2021-05-15T11:55:08.269+0200][gc,phases    ] GC(0)   Evacuate Collection Set: 5,2ms
[2021-05-15T11:55:08.269+0200][gc,phases    ] GC(0)   Post Evacuate Collection Set: 0,5ms
[2021-05-15T11:55:08.269+0200][gc,phases    ] GC(0)   Other: 0,3ms
[2021-05-15T11:55:08.269+0200][gc,heap      ] GC(0) Eden regions: 51->0(44)
[2021-05-15T11:55:08.269+0200][gc,heap      ] GC(0) Survivor regions: 0->7(7)
[2021-05-15T11:55:08.269+0200][gc,heap      ] GC(0) Old regions: 0->0
[2021-05-15T11:55:08.269+0200][gc,heap      ] GC(0) Archive regions: 2->2
[2021-05-15T11:55:08.269+0200][gc,heap      ] GC(0) Humongous regions: 0->0
[2021-05-15T11:55:08.269+0200][gc,metaspace ] GC(0) Metaspace: 14401K(15104K)->14401K(15104K) NonClass: 12587K(13056K)->12587K(13056K) Class: 1813K(2048K)->1813K(2048K)
[2021-05-15T11:55:08.269+0200][gc           ] GC(0) Pause Young (Normal) (G1 Evacuation Pause) 51M->6M(1024M) 6,181ms
[2021-05-15T11:55:08.269+0200][gc,cpu       ] GC(0) User=0,02s Sys=0,00s Real=0,01s
[2021-05-15T11:55:08.679+0200][gc,start     ] GC(1) Pause Young (Concurrent Start) (Metadata GC Threshold)
[2021-05-15T11:55:08.679+0200][gc,task      ] GC(1) Using 4 workers of 4 for evacuation
[2021-05-15T11:55:08.685+0200][gc,phases    ] GC(1)   Pre Evacuate Collection Set: 0,1ms
[2021-05-15T11:55:08.686+0200][gc,phases    ] GC(1)   Merge Heap Roots: 0,0ms
[2021-05-15T11:55:08.686+0200][gc,phases    ] GC(1)   Evacuate Collection Set: 6,1ms
[2021-05-15T11:55:08.686+0200][gc,phases    ] GC(1)   Post Evacuate Collection Set: 0,4ms
[2021-05-15T11:55:08.686+0200][gc,phases    ] GC(1)   Other: 0,2ms
[2021-05-15T11:55:08.686+0200][gc,heap      ] GC(1) Eden regions: 28->0(49)
[2021-05-15T11:55:08.686+0200][gc,heap      ] GC(1) Survivor regions: 7->2(7)
[2021-05-15T11:55:08.686+0200][gc,heap      ] GC(1) Old regions: 0->7
[2021-05-15T11:55:08.686+0200][gc,heap      ] GC(1) Archive regions: 2->2
[2021-05-15T11:55:08.686+0200][gc,heap      ] GC(1) Humongous regions: 0->0
[2021-05-15T11:55:08.686+0200][gc,metaspace ] GC(1) Metaspace: 20619K(21248K)->20619K(21248K) NonClass: 18050K(18432K)->18050K(18432K) Class: 2568K(2816K)->2568K(2816K)
[2021-05-15T11:55:08.686+0200][gc           ] GC(1) Pause Young (Concurrent Start) (Metadata GC Threshold) 34M->8M(1024M) 6,954ms
[2021-05-15T11:55:08.686+0200][gc,cpu       ] GC(1) User=0,02s Sys=0,00s Real=0,01s
[2021-05-15T11:55:08.686+0200][gc           ] GC(2) Concurrent Cycle
[2021-05-15T11:55:08.686+0200][gc,marking   ] GC(2) Concurrent Clear Claimed Marks
[2021-05-15T11:55:08.686+0200][gc,marking   ] GC(2) Concurrent Clear Claimed Marks 0,055ms
[2021-05-15T11:55:08.686+0200][gc,marking   ] GC(2) Concurrent Scan Root Regions
[2021-05-15T11:55:08.691+0200][gc,marking   ] GC(2) Concurrent Scan Root Regions 4,919ms
[2021-05-15T11:55:08.691+0200][gc,marking   ] GC(2) Concurrent Mark (1,445s)
[2021-05-15T11:55:08.691+0200][gc,marking   ] GC(2) Concurrent Mark From Roots
[2021-05-15T11:55:08.691+0200][gc,task      ] GC(2) Using 1 workers of 1 for marking
[2021-05-15T11:55:08.693+0200][gc,marking   ] GC(2) Concurrent Mark From Roots 2,705ms
[2021-05-15T11:55:08.693+0200][gc,marking   ] GC(2) Concurrent Preclean
[2021-05-15T11:55:08.694+0200][gc,marking   ] GC(2) Concurrent Preclean 0,060ms
[2021-05-15T11:55:08.694+0200][gc,marking   ] GC(2) Concurrent Mark (1,445s, 1,448s) 2,835ms
[2021-05-15T11:55:08.694+0200][gc,start     ] GC(2) Pause Remark
[2021-05-15T11:55:08.695+0200][gc           ] GC(2) Pause Remark 8M->8M(1024M) 1,052ms
[2021-05-15T11:55:08.695+0200][gc,cpu       ] GC(2) User=0,00s Sys=0,00s Real=0,00s
[2021-05-15T11:55:08.695+0200][gc,marking   ] GC(2) Concurrent Rebuild Remembered Sets
[2021-05-15T11:55:08.700+0200][gc,marking   ] GC(2) Concurrent Rebuild Remembered Sets 5,327ms
[2021-05-15T11:55:08.701+0200][gc,start     ] GC(2) Pause Cleanup
[2021-05-15T11:55:08.702+0200][gc           ] GC(2) Pause Cleanup 8M->8M(1024M) 0,765ms
[2021-05-15T11:55:08.702+0200][gc,cpu       ] GC(2) User=0,00s Sys=0,00s Real=0,00s
[2021-05-15T11:55:08.702+0200][gc,marking   ] GC(2) Concurrent Cleanup for Next Mark
[2021-05-15T11:55:08.713+0200][gc,marking   ] GC(2) Concurrent Cleanup for Next Mark 11,585ms
[2021-05-15T11:55:08.713+0200][gc           ] GC(2) Concurrent Cycle 27,758ms
[2021-05-15T11:55:09.518+0200][gc,start     ] GC(3) Pause Young (Normal) (G1 Evacuation Pause)
[2021-05-15T11:55:09.518+0200][gc,task      ] GC(3) Using 4 workers of 4 for evacuation
[2021-05-15T11:55:09.524+0200][gc,phases    ] GC(3)   Pre Evacuate Collection Set: 0,1ms
[2021-05-15T11:55:09.524+0200][gc,phases    ] GC(3)   Merge Heap Roots: 0,0ms
[2021-05-15T11:55:09.524+0200][gc,phases    ] GC(3)   Evacuate Collection Set: 5,2ms
[2021-05-15T11:55:09.524+0200][gc,phases    ] GC(3)   Post Evacuate Collection Set: 0,4ms
[2021-05-15T11:55:09.524+0200][gc,phases    ] GC(3)   Other: 0,1ms
[2021-05-15T11:55:09.524+0200][gc,heap      ] GC(3) Eden regions: 49->0(46)
[2021-05-15T11:55:09.524+0200][gc,heap      ] GC(3) Survivor regions: 2->5(7)
[2021-05-15T11:55:09.524+0200][gc,heap      ] GC(3) Old regions: 7->7
[2021-05-15T11:55:09.524+0200][gc,heap      ] GC(3) Archive regions: 2->2
[2021-05-15T11:55:09.524+0200][gc,heap      ] GC(3) Humongous regions: 129->129
[2021-05-15T11:55:09.524+0200][gc,metaspace ] GC(3) Metaspace: 29105K(30460K)->29105K(30460K) NonClass: 25604K(26368K)->25604K(26368K) Class: 3500K(4092K)->3500K(4092K)
[2021-05-15T11:55:09.524+0200][gc           ] GC(3) Pause Young (Normal) (G1 Evacuation Pause) 186M->140M(1024M) 6,024ms
[2021-05-15T11:55:09.524+0200][gc,cpu       ] GC(3) User=0,02s Sys=0,01s Real=0,01s
[2021-05-15T12:12:38.746+0200][gc,start     ] GC(4) Pause Young (Concurrent Start) (Metadata GC Threshold)
[2021-05-15T12:12:38.746+0200][gc,task      ] GC(4) Using 4 workers of 4 for evacuation
[2021-05-15T12:12:38.758+0200][gc,phases    ] GC(4)   Pre Evacuate Collection Set: 0,3ms
[2021-05-15T12:12:38.758+0200][gc,phases    ] GC(4)   Merge Heap Roots: 0,1ms
[2021-05-15T12:12:38.758+0200][gc,phases    ] GC(4)   Evacuate Collection Set: 10,0ms
[2021-05-15T12:12:38.758+0200][gc,phases    ] GC(4)   Post Evacuate Collection Set: 0,6ms
[2021-05-15T12:12:38.758+0200][gc,phases    ] GC(4)   Other: 0,8ms
[2021-05-15T12:12:38.758+0200][gc,heap      ] GC(4) Eden regions: 32->0(49)
[2021-05-15T12:12:38.758+0200][gc,heap      ] GC(4) Survivor regions: 5->2(7)
[2021-05-15T12:12:38.758+0200][gc,heap      ] GC(4) Old regions: 7->11
[2021-05-15T12:12:38.758+0200][gc,heap      ] GC(4) Archive regions: 2->2
[2021-05-15T12:12:38.758+0200][gc,heap      ] GC(4) Humongous regions: 129->129
[2021-05-15T12:12:38.758+0200][gc,metaspace ] GC(4) Metaspace: 34660K(35964K)->34660K(35964K) NonClass: 30571K(31232K)->30571K(31232K) Class: 4089K(4732K)->4089K(4732K)
[2021-05-15T12:12:38.758+0200][gc           ] GC(4) Pause Young (Concurrent Start) (Metadata GC Threshold) 171M->142M(1024M) 11,918ms
[2021-05-15T12:12:38.758+0200][gc,cpu       ] GC(4) User=0,04s Sys=0,00s Real=0,01s
[2021-05-15T12:12:38.758+0200][gc           ] GC(5) Concurrent Cycle
[2021-05-15T12:12:38.758+0200][gc,marking   ] GC(5) Concurrent Clear Claimed Marks
[2021-05-15T12:12:38.758+0200][gc,marking   ] GC(5) Concurrent Clear Claimed Marks 0,133ms
[2021-05-15T12:12:38.758+0200][gc,marking   ] GC(5) Concurrent Scan Root Regions
[2021-05-15T12:12:38.762+0200][gc,marking   ] GC(5) Concurrent Scan Root Regions 3,929ms
[2021-05-15T12:12:38.762+0200][gc,marking   ] GC(5) Concurrent Mark (1051,516s)
[2021-05-15T12:12:38.762+0200][gc,marking   ] GC(5) Concurrent Mark From Roots
[2021-05-15T12:12:38.762+0200][gc,task      ] GC(5) Using 1 workers of 1 for marking
[2021-05-15T12:12:38.769+0200][gc,marking   ] GC(5) Concurrent Mark From Roots 7,114ms
[2021-05-15T12:12:38.769+0200][gc,marking   ] GC(5) Concurrent Preclean
[2021-05-15T12:12:38.769+0200][gc,marking   ] GC(5) Concurrent Preclean 0,119ms
[2021-05-15T12:12:38.769+0200][gc,marking   ] GC(5) Concurrent Mark (1051,516s, 1051,524s) 7,290ms
[2021-05-15T12:12:38.769+0200][gc,start     ] GC(5) Pause Remark
[2021-05-15T12:12:38.774+0200][gc           ] GC(5) Pause Remark 142M->142M(1024M) 4,499ms
[2021-05-15T12:12:38.774+0200][gc,cpu       ] GC(5) User=0,02s Sys=0,00s Real=0,00s
[2021-05-15T12:12:38.774+0200][gc,marking   ] GC(5) Concurrent Rebuild Remembered Sets
[2021-05-15T12:12:38.783+0200][gc,marking   ] GC(5) Concurrent Rebuild Remembered Sets 9,055ms
[2021-05-15T12:12:38.783+0200][gc,start     ] GC(5) Pause Cleanup
[2021-05-15T12:12:38.784+0200][gc           ] GC(5) Pause Cleanup 142M->142M(1024M) 0,185ms
[2021-05-15T12:12:38.784+0200][gc,cpu       ] GC(5) User=0,00s Sys=0,00s Real=0,00s
[2021-05-15T12:12:38.784+0200][gc,marking   ] GC(5) Concurrent Cleanup for Next Mark
[2021-05-15T12:12:38.794+0200][gc,marking   ] GC(5) Concurrent Cleanup for Next Mark 10,457ms
[2021-05-15T12:12:38.794+0200][gc           ] GC(5) Concurrent Cycle 36,318ms
[2021-05-15T14:21:03.193+0200][gc,start     ] GC(6) Pause Young (Normal) (G1 Evacuation Pause)
[2021-05-15T14:21:03.193+0200][gc,task      ] GC(6) Using 4 workers of 4 for evacuation
[2021-05-15T14:21:03.201+0200][gc,phases    ] GC(6)   Pre Evacuate Collection Set: 0,3ms
[2021-05-15T14:21:03.201+0200][gc,phases    ] GC(6)   Merge Heap Roots: 0,2ms
[2021-05-15T14:21:03.201+0200][gc,phases    ] GC(6)   Evacuate Collection Set: 7,1ms
[2021-05-15T14:21:03.201+0200][gc,phases    ] GC(6)   Post Evacuate Collection Set: 0,4ms
[2021-05-15T14:21:03.201+0200][gc,phases    ] GC(6)   Other: 0,8ms
[2021-05-15T14:21:03.201+0200][gc,heap      ] GC(6) Eden regions: 49->0(49)
[2021-05-15T14:21:03.201+0200][gc,heap      ] GC(6) Survivor regions: 2->2(7)
[2021-05-15T14:21:03.201+0200][gc,heap      ] GC(6) Old regions: 11->11
[2021-05-15T14:21:03.201+0200][gc,heap      ] GC(6) Archive regions: 2->2
[2021-05-15T14:21:03.201+0200][gc,heap      ] GC(6) Humongous regions: 129->129
[2021-05-15T14:21:03.201+0200][gc,metaspace ] GC(6) Metaspace: 35157K(36732K)->35157K(36732K) NonClass: 31050K(32000K)->31050K(32000K) Class: 4107K(4732K)->4107K(4732K)
[2021-05-15T14:21:03.201+0200][gc           ] GC(6) Pause Young (Normal) (G1 Evacuation Pause) 191M->141M(1024M) 8,854ms
[2021-05-15T14:21:03.201+0200][gc,cpu       ] GC(6) User=0,03s Sys=0,00s Real=0,01s
