[2021-05-15T04:06:41.607+0200][gc,heap] Heap region size: 1M
[2021-05-15T04:06:41.608+0200][gc,heap,coops] Heap address: 0x00000000c0000000, size: 1024 MB, Compressed Oops mode: 32-bit
[2021-05-15T04:06:41.618+0200][gc           ] Using G1
[2021-05-15T04:06:41.619+0200][gc,cds       ] Mark closed archive regions in map: [0x00000000fff00000, 0x00000000fff7eff8]
[2021-05-15T04:06:41.619+0200][gc,cds       ] Mark open archive regions in map: [0x00000000ffe00000, 0x00000000ffe51ff8]
[2021-05-15T04:06:41.627+0200][gc           ] Periodic GC disabled
[2021-05-15T04:06:43.055+0200][gc,start     ] GC(0) Pause Young (Normal) (G1 Evacuation Pause)
[2021-05-15T04:06:43.055+0200][gc,task      ] GC(0) Using 4 workers of 4 for evacuation
[2021-05-15T04:06:43.071+0200][gc,phases    ] GC(0)   Pre Evacuate Collection Set: 0,1ms
[2021-05-15T04:06:43.071+0200][gc,phases    ] GC(0)   Merge Heap Roots: 0,0ms
[2021-05-15T04:06:43.071+0200][gc,phases    ] GC(0)   Evacuate Collection Set: 8,6ms
[2021-05-15T04:06:43.071+0200][gc,phases    ] GC(0)   Post Evacuate Collection Set: 6,6ms
[2021-05-15T04:06:43.071+0200][gc,phases    ] GC(0)   Other: 0,4ms
[2021-05-15T04:06:43.071+0200][gc,heap      ] GC(0) Eden regions: 51->0(44)
[2021-05-15T04:06:43.071+0200][gc,heap      ] GC(0) Survivor regions: 0->7(7)
[2021-05-15T04:06:43.071+0200][gc,heap      ] GC(0) Old regions: 0->0
[2021-05-15T04:06:43.071+0200][gc,heap      ] GC(0) Archive regions: 2->2
[2021-05-15T04:06:43.071+0200][gc,heap      ] GC(0) Humongous regions: 0->0
[2021-05-15T04:06:43.071+0200][gc,metaspace ] GC(0) Metaspace: 14385K(15104K)->14385K(15104K) NonClass: 12571K(13056K)->12571K(13056K) Class: 1813K(2048K)->1813K(2048K)
[2021-05-15T04:06:43.071+0200][gc           ] GC(0) Pause Young (Normal) (G1 Evacuation Pause) 51M->7M(1024M) 15,826ms
[2021-05-15T04:06:43.071+0200][gc,cpu       ] GC(0) User=0,03s Sys=0,00s Real=0,02s
[2021-05-15T04:06:43.861+0200][gc,start     ] GC(1) Pause Young (Concurrent Start) (Metadata GC Threshold)
[2021-05-15T04:06:43.861+0200][gc,task      ] GC(1) Using 4 workers of 4 for evacuation
[2021-05-15T04:06:43.871+0200][gc,phases    ] GC(1)   Pre Evacuate Collection Set: 0,2ms
[2021-05-15T04:06:43.871+0200][gc,phases    ] GC(1)   Merge Heap Roots: 0,0ms
[2021-05-15T04:06:43.871+0200][gc,phases    ] GC(1)   Evacuate Collection Set: 9,1ms
[2021-05-15T04:06:43.871+0200][gc,phases    ] GC(1)   Post Evacuate Collection Set: 0,5ms
[2021-05-15T04:06:43.871+0200][gc,phases    ] GC(1)   Other: 0,2ms
[2021-05-15T04:06:43.871+0200][gc,heap      ] GC(1) Eden regions: 27->0(49)
[2021-05-15T04:06:43.871+0200][gc,heap      ] GC(1) Survivor regions: 7->2(7)
[2021-05-15T04:06:43.871+0200][gc,heap      ] GC(1) Old regions: 0->7
[2021-05-15T04:06:43.871+0200][gc,heap      ] GC(1) Archive regions: 2->2
[2021-05-15T04:06:43.871+0200][gc,heap      ] GC(1) Humongous regions: 0->0
[2021-05-15T04:06:43.871+0200][gc,metaspace ] GC(1) Metaspace: 20589K(21248K)->20589K(21248K) NonClass: 18039K(18432K)->18039K(18432K) Class: 2550K(2816K)->2550K(2816K)
[2021-05-15T04:06:43.871+0200][gc           ] GC(1) Pause Young (Concurrent Start) (Metadata GC Threshold) 33M->8M(1024M) 10,148ms
[2021-05-15T04:06:43.871+0200][gc,cpu       ] GC(1) User=0,03s Sys=0,00s Real=0,01s
[2021-05-15T04:06:43.871+0200][gc           ] GC(2) Concurrent Cycle
[2021-05-15T04:06:43.871+0200][gc,marking   ] GC(2) Concurrent Clear Claimed Marks
[2021-05-15T04:06:43.871+0200][gc,marking   ] GC(2) Concurrent Clear Claimed Marks 0,046ms
[2021-05-15T04:06:43.871+0200][gc,marking   ] GC(2) Concurrent Scan Root Regions
[2021-05-15T04:06:43.875+0200][gc,marking   ] GC(2) Concurrent Scan Root Regions 3,884ms
[2021-05-15T04:06:43.875+0200][gc,marking   ] GC(2) Concurrent Mark (2,271s)
[2021-05-15T04:06:43.875+0200][gc,marking   ] GC(2) Concurrent Mark From Roots
[2021-05-15T04:06:43.875+0200][gc,task      ] GC(2) Using 1 workers of 1 for marking
[2021-05-15T04:06:43.878+0200][gc,marking   ] GC(2) Concurrent Mark From Roots 2,660ms
[2021-05-15T04:06:43.878+0200][gc,marking   ] GC(2) Concurrent Preclean
[2021-05-15T04:06:43.878+0200][gc,marking   ] GC(2) Concurrent Preclean 0,061ms
[2021-05-15T04:06:43.878+0200][gc,marking   ] GC(2) Concurrent Mark (2,271s, 2,274s) 2,809ms
[2021-05-15T04:06:43.878+0200][gc,start     ] GC(2) Pause Remark
[2021-05-15T04:06:43.880+0200][gc           ] GC(2) Pause Remark 8M->8M(1024M) 1,348ms
[2021-05-15T04:06:43.880+0200][gc,cpu       ] GC(2) User=0,00s Sys=0,00s Real=0,00s
[2021-05-15T04:06:43.880+0200][gc,marking   ] GC(2) Concurrent Rebuild Remembered Sets
[2021-05-15T04:06:43.884+0200][gc,marking   ] GC(2) Concurrent Rebuild Remembered Sets 3,904ms
[2021-05-15T04:06:43.884+0200][gc,start     ] GC(2) Pause Cleanup
[2021-05-15T04:06:43.884+0200][gc           ] GC(2) Pause Cleanup 8M->8M(1024M) 0,156ms
[2021-05-15T04:06:43.884+0200][gc,cpu       ] GC(2) User=0,00s Sys=0,00s Real=0,00s
[2021-05-15T04:06:43.884+0200][gc,marking   ] GC(2) Concurrent Cleanup for Next Mark
[2021-05-15T04:06:43.895+0200][gc,marking   ] GC(2) Concurrent Cleanup for Next Mark 11,353ms
[2021-05-15T04:06:43.896+0200][gc           ] GC(2) Concurrent Cycle 24,153ms
[2021-05-15T04:06:44.742+0200][gc,start     ] GC(3) Pause Young (Normal) (G1 Evacuation Pause)
[2021-05-15T04:06:44.742+0200][gc,task      ] GC(3) Using 4 workers of 4 for evacuation
[2021-05-15T04:06:44.750+0200][gc,phases    ] GC(3)   Pre Evacuate Collection Set: 0,1ms
[2021-05-15T04:06:44.750+0200][gc,phases    ] GC(3)   Merge Heap Roots: 0,0ms
[2021-05-15T04:06:44.750+0200][gc,phases    ] GC(3)   Evacuate Collection Set: 6,0ms
[2021-05-15T04:06:44.750+0200][gc,phases    ] GC(3)   Post Evacuate Collection Set: 1,6ms
[2021-05-15T04:06:44.750+0200][gc,phases    ] GC(3)   Other: 0,1ms
[2021-05-15T04:06:44.750+0200][gc,heap      ] GC(3) Eden regions: 49->0(46)
[2021-05-15T04:06:44.750+0200][gc,heap      ] GC(3) Survivor regions: 2->5(7)
[2021-05-15T04:06:44.750+0200][gc,heap      ] GC(3) Old regions: 7->7
[2021-05-15T04:06:44.750+0200][gc,heap      ] GC(3) Archive regions: 2->2
[2021-05-15T04:06:44.750+0200][gc,heap      ] GC(3) Humongous regions: 129->129
[2021-05-15T04:06:44.750+0200][gc,metaspace ] GC(3) Metaspace: 28938K(30080K)->28938K(30080K) NonClass: 25491K(26112K)->25491K(26112K) Class: 3446K(3968K)->3446K(3968K)
[2021-05-15T04:06:44.751+0200][gc           ] GC(3) Pause Young (Normal) (G1 Evacuation Pause) 186M->140M(1024M) 8,043ms
[2021-05-15T04:06:44.751+0200][gc,cpu       ] GC(3) User=0,02s Sys=0,00s Real=0,01s
[2021-05-15T04:06:45.180+0200][gc,start     ] GC(4) Pause Young (Concurrent Start) (Metadata GC Threshold)
[2021-05-15T04:06:45.180+0200][gc,task      ] GC(4) Using 4 workers of 4 for evacuation
[2021-05-15T04:06:45.199+0200][gc,phases    ] GC(4)   Pre Evacuate Collection Set: 0,2ms
[2021-05-15T04:06:45.199+0200][gc,phases    ] GC(4)   Merge Heap Roots: 0,1ms
[2021-05-15T04:06:45.199+0200][gc,phases    ] GC(4)   Evacuate Collection Set: 18,1ms
[2021-05-15T04:06:45.199+0200][gc,phases    ] GC(4)   Post Evacuate Collection Set: 0,5ms
[2021-05-15T04:06:45.199+0200][gc,phases    ] GC(4)   Other: 0,3ms
[2021-05-15T04:06:45.199+0200][gc,heap      ] GC(4) Eden regions: 26->0(49)
[2021-05-15T04:06:45.199+0200][gc,heap      ] GC(4) Survivor regions: 5->2(7)
[2021-05-15T04:06:45.199+0200][gc,heap      ] GC(4) Old regions: 7->11
[2021-05-15T04:06:45.199+0200][gc,heap      ] GC(4) Archive regions: 2->2
[2021-05-15T04:06:45.199+0200][gc,heap      ] GC(4) Humongous regions: 129->129
[2021-05-15T04:06:45.199+0200][gc,metaspace ] GC(4) Metaspace: 34383K(35840K)->34383K(35840K) NonClass: 30239K(31104K)->30239K(31104K) Class: 4144K(4736K)->4144K(4736K)
[2021-05-15T04:06:45.199+0200][gc           ] GC(4) Pause Young (Concurrent Start) (Metadata GC Threshold) 166M->142M(1024M) 19,278ms
[2021-05-15T04:06:45.199+0200][gc,cpu       ] GC(4) User=0,05s Sys=0,00s Real=0,02s
[2021-05-15T04:06:45.199+0200][gc           ] GC(5) Concurrent Cycle
[2021-05-15T04:06:45.199+0200][gc,marking   ] GC(5) Concurrent Clear Claimed Marks
[2021-05-15T04:06:45.199+0200][gc,marking   ] GC(5) Concurrent Clear Claimed Marks 0,119ms
[2021-05-15T04:06:45.199+0200][gc,marking   ] GC(5) Concurrent Scan Root Regions
[2021-05-15T04:06:45.210+0200][gc,marking   ] GC(5) Concurrent Scan Root Regions 10,211ms
[2021-05-15T04:06:45.210+0200][gc,marking   ] GC(5) Concurrent Mark (3,606s)
[2021-05-15T04:06:45.210+0200][gc,marking   ] GC(5) Concurrent Mark From Roots
[2021-05-15T04:06:45.210+0200][gc,task      ] GC(5) Using 1 workers of 1 for marking
[2021-05-15T04:06:45.223+0200][gc,marking   ] GC(5) Concurrent Mark From Roots 13,565ms
[2021-05-15T04:06:45.223+0200][gc,marking   ] GC(5) Concurrent Preclean
[2021-05-15T04:06:45.223+0200][gc,marking   ] GC(5) Concurrent Preclean 0,092ms
[2021-05-15T04:06:45.223+0200][gc,marking   ] GC(5) Concurrent Mark (3,606s, 3,619s) 13,727ms
[2021-05-15T04:06:45.224+0200][gc,start     ] GC(5) Pause Remark
[2021-05-15T04:06:45.226+0200][gc           ] GC(5) Pause Remark 143M->143M(1024M) 2,121ms
[2021-05-15T04:06:45.226+0200][gc,cpu       ] GC(5) User=0,01s Sys=0,00s Real=0,00s
[2021-05-15T04:06:45.226+0200][gc,marking   ] GC(5) Concurrent Rebuild Remembered Sets
[2021-05-15T04:06:45.236+0200][gc,marking   ] GC(5) Concurrent Rebuild Remembered Sets 10,181ms
[2021-05-15T04:06:45.236+0200][gc,start     ] GC(5) Pause Cleanup
[2021-05-15T04:06:45.237+0200][gc           ] GC(5) Pause Cleanup 143M->143M(1024M) 0,169ms
[2021-05-15T04:06:45.237+0200][gc,cpu       ] GC(5) User=0,01s Sys=0,00s Real=0,00s
[2021-05-15T04:06:45.237+0200][gc,marking   ] GC(5) Concurrent Cleanup for Next Mark
[2021-05-15T04:06:45.246+0200][gc,marking   ] GC(5) Concurrent Cleanup for Next Mark 9,839ms
[2021-05-15T04:06:45.247+0200][gc           ] GC(5) Concurrent Cycle 47,226ms
[2021-05-15T05:14:14.501+0200][gc,heap,exit ] Heap
[2021-05-15T05:14:14.501+0200][gc,heap,exit ]  garbage-first heap   total 1048576K, used 188490K [0x00000000c0000000, 0x0000000100000000)
[2021-05-15T05:14:14.501+0200][gc,heap,exit ]   region size 1024K, 46 young (47104K), 2 survivors (2048K)
[2021-05-15T05:14:14.501+0200][gc,heap,exit ]  Metaspace       used 36978K, capacity 38664K, committed 38784K, reserved 1083392K
[2021-05-15T05:14:14.501+0200][gc,heap,exit ]   class space    used 4609K, capacity 5415K, committed 5504K, reserved 1048576K
