[2021-05-15T05:38:30.234+0200][gc,heap] Heap region size: 1M
[2021-05-15T05:38:30.234+0200][gc,heap,coops] Heap address: 0x00000000c0000000, size: 1024 MB, Compressed Oops mode: 32-bit
[2021-05-15T05:38:30.245+0200][gc           ] Using G1
[2021-05-15T05:38:30.246+0200][gc,cds       ] Mark closed archive regions in map: [0x00000000fff00000, 0x00000000fff7eff8]
[2021-05-15T05:38:30.246+0200][gc,cds       ] Mark open archive regions in map: [0x00000000ffe00000, 0x00000000ffe51ff8]
[2021-05-15T05:38:30.257+0200][gc           ] Periodic GC disabled
[2021-05-15T05:38:31.254+0200][gc,start     ] GC(0) Pause Young (Normal) (G1 Evacuation Pause)
[2021-05-15T05:38:31.254+0200][gc,task      ] GC(0) Using 4 workers of 4 for evacuation
[2021-05-15T05:38:31.260+0200][gc,phases    ] GC(0)   Pre Evacuate Collection Set: 0,1ms
[2021-05-15T05:38:31.260+0200][gc,phases    ] GC(0)   Merge Heap Roots: 0,0ms
[2021-05-15T05:38:31.260+0200][gc,phases    ] GC(0)   Evacuate Collection Set: 5,5ms
[2021-05-15T05:38:31.260+0200][gc,phases    ] GC(0)   Post Evacuate Collection Set: 0,5ms
[2021-05-15T05:38:31.260+0200][gc,phases    ] GC(0)   Other: 0,3ms
[2021-05-15T05:38:31.260+0200][gc,heap      ] GC(0) Eden regions: 51->0(44)
[2021-05-15T05:38:31.260+0200][gc,heap      ] GC(0) Survivor regions: 0->7(7)
[2021-05-15T05:38:31.260+0200][gc,heap      ] GC(0) Old regions: 0->0
[2021-05-15T05:38:31.260+0200][gc,heap      ] GC(0) Archive regions: 2->2
[2021-05-15T05:38:31.260+0200][gc,heap      ] GC(0) Humongous regions: 0->0
[2021-05-15T05:38:31.260+0200][gc,metaspace ] GC(0) Metaspace: 14390K(15104K)->14390K(15104K) NonClass: 12576K(13056K)->12576K(13056K) Class: 1813K(2048K)->1813K(2048K)
[2021-05-15T05:38:31.260+0200][gc           ] GC(0) Pause Young (Normal) (G1 Evacuation Pause) 51M->7M(1024M) 6,553ms
[2021-05-15T05:38:31.260+0200][gc,cpu       ] GC(0) User=0,01s Sys=0,00s Real=0,00s
[2021-05-15T05:38:31.741+0200][gc,start     ] GC(1) Pause Young (Concurrent Start) (Metadata GC Threshold)
[2021-05-15T05:38:31.741+0200][gc,task      ] GC(1) Using 4 workers of 4 for evacuation
[2021-05-15T05:38:31.754+0200][gc,phases    ] GC(1)   Pre Evacuate Collection Set: 0,1ms
[2021-05-15T05:38:31.754+0200][gc,phases    ] GC(1)   Merge Heap Roots: 0,0ms
[2021-05-15T05:38:31.754+0200][gc,phases    ] GC(1)   Evacuate Collection Set: 11,3ms
[2021-05-15T05:38:31.754+0200][gc,phases    ] GC(1)   Post Evacuate Collection Set: 1,4ms
[2021-05-15T05:38:31.754+0200][gc,phases    ] GC(1)   Other: 0,2ms
[2021-05-15T05:38:31.754+0200][gc,heap      ] GC(1) Eden regions: 27->0(49)
[2021-05-15T05:38:31.754+0200][gc,heap      ] GC(1) Survivor regions: 7->2(7)
[2021-05-15T05:38:31.754+0200][gc,heap      ] GC(1) Old regions: 0->7
[2021-05-15T05:38:31.754+0200][gc,heap      ] GC(1) Archive regions: 2->2
[2021-05-15T05:38:31.754+0200][gc,heap      ] GC(1) Humongous regions: 0->0
[2021-05-15T05:38:31.754+0200][gc,metaspace ] GC(1) Metaspace: 20527K(21248K)->20527K(21248K) NonClass: 17958K(18432K)->17958K(18432K) Class: 2568K(2816K)->2568K(2816K)
[2021-05-15T05:38:31.754+0200][gc           ] GC(1) Pause Young (Concurrent Start) (Metadata GC Threshold) 33M->8M(1024M) 13,165ms
[2021-05-15T05:38:31.754+0200][gc,cpu       ] GC(1) User=0,02s Sys=0,01s Real=0,02s
[2021-05-15T05:38:31.754+0200][gc           ] GC(2) Concurrent Cycle
[2021-05-15T05:38:31.754+0200][gc,marking   ] GC(2) Concurrent Clear Claimed Marks
[2021-05-15T05:38:31.754+0200][gc,marking   ] GC(2) Concurrent Clear Claimed Marks 0,069ms
[2021-05-15T05:38:31.754+0200][gc,marking   ] GC(2) Concurrent Scan Root Regions
[2021-05-15T05:38:31.758+0200][gc,marking   ] GC(2) Concurrent Scan Root Regions 3,668ms
[2021-05-15T05:38:31.758+0200][gc,marking   ] GC(2) Concurrent Mark (1,527s)
[2021-05-15T05:38:31.758+0200][gc,marking   ] GC(2) Concurrent Mark From Roots
[2021-05-15T05:38:31.758+0200][gc,task      ] GC(2) Using 1 workers of 1 for marking
[2021-05-15T05:38:31.762+0200][gc,marking   ] GC(2) Concurrent Mark From Roots 3,589ms
[2021-05-15T05:38:31.762+0200][gc,marking   ] GC(2) Concurrent Preclean
[2021-05-15T05:38:31.762+0200][gc,marking   ] GC(2) Concurrent Preclean 0,208ms
[2021-05-15T05:38:31.762+0200][gc,marking   ] GC(2) Concurrent Mark (1,527s, 1,531s) 4,241ms
[2021-05-15T05:38:31.764+0200][gc,start     ] GC(2) Pause Remark
[2021-05-15T05:38:31.767+0200][gc           ] GC(2) Pause Remark 8M->8M(1024M) 3,495ms
[2021-05-15T05:38:31.767+0200][gc,cpu       ] GC(2) User=0,01s Sys=0,00s Real=0,00s
[2021-05-15T05:38:31.767+0200][gc,marking   ] GC(2) Concurrent Rebuild Remembered Sets
[2021-05-15T05:38:31.771+0200][gc,marking   ] GC(2) Concurrent Rebuild Remembered Sets 3,601ms
[2021-05-15T05:38:31.774+0200][gc,start     ] GC(2) Pause Cleanup
[2021-05-15T05:38:31.774+0200][gc           ] GC(2) Pause Cleanup 8M->8M(1024M) 0,260ms
[2021-05-15T05:38:31.774+0200][gc,cpu       ] GC(2) User=0,00s Sys=0,00s Real=0,00s
[2021-05-15T05:38:31.774+0200][gc,marking   ] GC(2) Concurrent Cleanup for Next Mark
[2021-05-15T05:38:31.786+0200][gc,marking   ] GC(2) Concurrent Cleanup for Next Mark 11,329ms
[2021-05-15T05:38:31.786+0200][gc           ] GC(2) Concurrent Cycle 31,613ms
[2021-05-15T05:38:32.585+0200][gc,start     ] GC(3) Pause Young (Normal) (G1 Evacuation Pause)
[2021-05-15T05:38:32.585+0200][gc,task      ] GC(3) Using 4 workers of 4 for evacuation
[2021-05-15T05:38:32.591+0200][gc,phases    ] GC(3)   Pre Evacuate Collection Set: 0,1ms
[2021-05-15T05:38:32.591+0200][gc,phases    ] GC(3)   Merge Heap Roots: 0,0ms
[2021-05-15T05:38:32.591+0200][gc,phases    ] GC(3)   Evacuate Collection Set: 5,0ms
[2021-05-15T05:38:32.591+0200][gc,phases    ] GC(3)   Post Evacuate Collection Set: 0,4ms
[2021-05-15T05:38:32.591+0200][gc,phases    ] GC(3)   Other: 0,1ms
[2021-05-15T05:38:32.591+0200][gc,heap      ] GC(3) Eden regions: 49->0(46)
[2021-05-15T05:38:32.591+0200][gc,heap      ] GC(3) Survivor regions: 2->5(7)
[2021-05-15T05:38:32.591+0200][gc,heap      ] GC(3) Old regions: 7->7
[2021-05-15T05:38:32.591+0200][gc,heap      ] GC(3) Archive regions: 2->2
[2021-05-15T05:38:32.591+0200][gc,heap      ] GC(3) Humongous regions: 129->129
[2021-05-15T05:38:32.591+0200][gc,metaspace ] GC(3) Metaspace: 29072K(30336K)->29072K(30336K) NonClass: 25576K(26368K)->25576K(26368K) Class: 3495K(3968K)->3495K(3968K)
[2021-05-15T05:38:32.591+0200][gc           ] GC(3) Pause Young (Normal) (G1 Evacuation Pause) 186M->140M(1024M) 5,801ms
[2021-05-15T05:38:32.591+0200][gc,cpu       ] GC(3) User=0,03s Sys=0,00s Real=0,01s
[2021-05-15T05:39:01.836+0200][gc,start     ] GC(4) Pause Young (Concurrent Start) (Metadata GC Threshold)
[2021-05-15T05:39:01.836+0200][gc,task      ] GC(4) Using 4 workers of 4 for evacuation
[2021-05-15T05:39:01.844+0200][gc,phases    ] GC(4)   Pre Evacuate Collection Set: 0,2ms
[2021-05-15T05:39:01.844+0200][gc,phases    ] GC(4)   Merge Heap Roots: 0,0ms
[2021-05-15T05:39:01.844+0200][gc,phases    ] GC(4)   Evacuate Collection Set: 7,6ms
[2021-05-15T05:39:01.844+0200][gc,phases    ] GC(4)   Post Evacuate Collection Set: 0,5ms
[2021-05-15T05:39:01.844+0200][gc,phases    ] GC(4)   Other: 0,2ms
[2021-05-15T05:39:01.844+0200][gc,heap      ] GC(4) Eden regions: 26->0(49)
[2021-05-15T05:39:01.844+0200][gc,heap      ] GC(4) Survivor regions: 5->2(7)
[2021-05-15T05:39:01.844+0200][gc,heap      ] GC(4) Old regions: 7->11
[2021-05-15T05:39:01.844+0200][gc,heap      ] GC(4) Archive regions: 2->2
[2021-05-15T05:39:01.844+0200][gc,heap      ] GC(4) Humongous regions: 129->129
[2021-05-15T05:39:01.844+0200][gc,metaspace ] GC(4) Metaspace: 34286K(35628K)->34286K(35628K) NonClass: 30239K(30976K)->30239K(30976K) Class: 4046K(4652K)->4046K(4652K)
[2021-05-15T05:39:01.844+0200][gc           ] GC(4) Pause Young (Concurrent Start) (Metadata GC Threshold) 165M->142M(1024M) 8,633ms
[2021-05-15T05:39:01.844+0200][gc,cpu       ] GC(4) User=0,04s Sys=0,00s Real=0,01s
[2021-05-15T05:39:01.845+0200][gc           ] GC(5) Concurrent Cycle
[2021-05-15T05:39:01.845+0200][gc,marking   ] GC(5) Concurrent Clear Claimed Marks
[2021-05-15T05:39:01.845+0200][gc,marking   ] GC(5) Concurrent Clear Claimed Marks 0,115ms
[2021-05-15T05:39:01.845+0200][gc,marking   ] GC(5) Concurrent Scan Root Regions
[2021-05-15T05:39:01.849+0200][gc,marking   ] GC(5) Concurrent Scan Root Regions 4,319ms
[2021-05-15T05:39:01.849+0200][gc,marking   ] GC(5) Concurrent Mark (31,618s)
[2021-05-15T05:39:01.849+0200][gc,marking   ] GC(5) Concurrent Mark From Roots
[2021-05-15T05:39:01.849+0200][gc,task      ] GC(5) Using 1 workers of 1 for marking
[2021-05-15T05:39:01.860+0200][gc,marking   ] GC(5) Concurrent Mark From Roots 11,086ms
[2021-05-15T05:39:01.860+0200][gc,marking   ] GC(5) Concurrent Preclean
[2021-05-15T05:39:01.860+0200][gc,marking   ] GC(5) Concurrent Preclean 0,105ms
[2021-05-15T05:39:01.860+0200][gc,marking   ] GC(5) Concurrent Mark (31,618s, 31,629s) 11,255ms
[2021-05-15T05:39:01.860+0200][gc,start     ] GC(5) Pause Remark
[2021-05-15T05:39:01.863+0200][gc           ] GC(5) Pause Remark 142M->142M(1024M) 2,409ms
[2021-05-15T05:39:01.863+0200][gc,cpu       ] GC(5) User=0,01s Sys=0,00s Real=0,01s
[2021-05-15T05:39:01.863+0200][gc,marking   ] GC(5) Concurrent Rebuild Remembered Sets
[2021-05-15T05:39:01.870+0200][gc,marking   ] GC(5) Concurrent Rebuild Remembered Sets 7,372ms
[2021-05-15T05:39:01.871+0200][gc,start     ] GC(5) Pause Cleanup
[2021-05-15T05:39:01.871+0200][gc           ] GC(5) Pause Cleanup 142M->142M(1024M) 0,150ms
[2021-05-15T05:39:01.871+0200][gc,cpu       ] GC(5) User=0,00s Sys=0,00s Real=0,00s
[2021-05-15T05:39:01.871+0200][gc,marking   ] GC(5) Concurrent Cleanup for Next Mark
[2021-05-15T05:39:01.878+0200][gc,marking   ] GC(5) Concurrent Cleanup for Next Mark 7,486ms
[2021-05-15T05:39:01.878+0200][gc           ] GC(5) Concurrent Cycle 33,901ms
[2021-05-15T07:38:01.830+0200][gc,start     ] GC(6) Pause Young (Normal) (G1 Evacuation Pause)
[2021-05-15T07:38:01.830+0200][gc,task      ] GC(6) Using 4 workers of 4 for evacuation
[2021-05-15T07:38:01.836+0200][gc,phases    ] GC(6)   Pre Evacuate Collection Set: 0,2ms
[2021-05-15T07:38:01.836+0200][gc,phases    ] GC(6)   Merge Heap Roots: 0,2ms
[2021-05-15T07:38:01.836+0200][gc,phases    ] GC(6)   Evacuate Collection Set: 5,1ms
[2021-05-15T07:38:01.836+0200][gc,phases    ] GC(6)   Post Evacuate Collection Set: 0,5ms
[2021-05-15T07:38:01.836+0200][gc,phases    ] GC(6)   Other: 0,9ms
[2021-05-15T07:38:01.836+0200][gc,heap      ] GC(6) Eden regions: 49->0(49)
[2021-05-15T07:38:01.836+0200][gc,heap      ] GC(6) Survivor regions: 2->2(7)
[2021-05-15T07:38:01.836+0200][gc,heap      ] GC(6) Old regions: 11->11
[2021-05-15T07:38:01.836+0200][gc,heap      ] GC(6) Archive regions: 2->2
[2021-05-15T07:38:01.836+0200][gc,heap      ] GC(6) Humongous regions: 129->129
[2021-05-15T07:38:01.836+0200][gc,metaspace ] GC(6) Metaspace: 35136K(36728K)->35136K(36728K) NonClass: 31016K(32000K)->31016K(32000K) Class: 4119K(4728K)->4119K(4728K)
[2021-05-15T07:38:01.836+0200][gc           ] GC(6) Pause Young (Normal) (G1 Evacuation Pause) 191M->141M(1024M) 6,944ms
[2021-05-15T07:38:01.837+0200][gc,cpu       ] GC(6) User=0,02s Sys=0,00s Real=0,00s
[2021-05-15T09:43:36.946+0200][gc,start     ] GC(7) Pause Young (Normal) (G1 Evacuation Pause)
[2021-05-15T09:43:36.946+0200][gc,task      ] GC(7) Using 4 workers of 4 for evacuation
[2021-05-15T09:43:36.954+0200][gc,phases    ] GC(7)   Pre Evacuate Collection Set: 0,3ms
[2021-05-15T09:43:36.954+0200][gc,phases    ] GC(7)   Merge Heap Roots: 0,1ms
[2021-05-15T09:43:36.954+0200][gc,phases    ] GC(7)   Evacuate Collection Set: 6,9ms
[2021-05-15T09:43:36.954+0200][gc,phases    ] GC(7)   Post Evacuate Collection Set: 0,6ms
[2021-05-15T09:43:36.954+0200][gc,phases    ] GC(7)   Other: 0,7ms
[2021-05-15T09:43:36.954+0200][gc,heap      ] GC(7) Eden regions: 49->0(49)
[2021-05-15T09:43:36.954+0200][gc,heap      ] GC(7) Survivor regions: 2->2(7)
[2021-05-15T09:43:36.954+0200][gc,heap      ] GC(7) Old regions: 11->11
[2021-05-15T09:43:36.955+0200][gc,heap      ] GC(7) Archive regions: 2->2
[2021-05-15T09:43:36.955+0200][gc,heap      ] GC(7) Humongous regions: 129->129
[2021-05-15T09:43:36.955+0200][gc,metaspace ] GC(7) Metaspace: 35252K(36728K)->35252K(36728K) NonClass: 31133K(32000K)->31133K(32000K) Class: 4119K(4728K)->4119K(4728K)
[2021-05-15T09:43:36.955+0200][gc           ] GC(7) Pause Young (Normal) (G1 Evacuation Pause) 190M->141M(1024M) 8,784ms
[2021-05-15T09:43:36.955+0200][gc,cpu       ] GC(7) User=0,03s Sys=0,00s Real=0,01s
