[2021-05-15T05:14:57.537+0200][gc,heap] Heap region size: 1M
[2021-05-15T05:14:57.538+0200][gc,heap,coops] Heap address: 0x00000000c0000000, size: 1024 MB, Compressed Oops mode: 32-bit
[2021-05-15T05:14:57.551+0200][gc           ] Using G1
[2021-05-15T05:14:57.551+0200][gc,cds       ] Mark closed archive regions in map: [0x00000000fff00000, 0x00000000fff7eff8]
[2021-05-15T05:14:57.551+0200][gc,cds       ] Mark open archive regions in map: [0x00000000ffe00000, 0x00000000ffe51ff8]
[2021-05-15T05:14:57.563+0200][gc           ] Periodic GC disabled
[2021-05-15T05:14:58.618+0200][gc,start     ] GC(0) Pause Young (Normal) (G1 Evacuation Pause)
[2021-05-15T05:14:58.618+0200][gc,task      ] GC(0) Using 4 workers of 4 for evacuation
[2021-05-15T05:14:58.624+0200][gc,phases    ] GC(0)   Pre Evacuate Collection Set: 0,1ms
[2021-05-15T05:14:58.624+0200][gc,phases    ] GC(0)   Merge Heap Roots: 0,0ms
[2021-05-15T05:14:58.624+0200][gc,phases    ] GC(0)   Evacuate Collection Set: 5,2ms
[2021-05-15T05:14:58.624+0200][gc,phases    ] GC(0)   Post Evacuate Collection Set: 0,5ms
[2021-05-15T05:14:58.624+0200][gc,phases    ] GC(0)   Other: 0,4ms
[2021-05-15T05:14:58.624+0200][gc,heap      ] GC(0) Eden regions: 51->0(44)
[2021-05-15T05:14:58.624+0200][gc,heap      ] GC(0) Survivor regions: 0->7(7)
[2021-05-15T05:14:58.624+0200][gc,heap      ] GC(0) Old regions: 0->0
[2021-05-15T05:14:58.624+0200][gc,heap      ] GC(0) Archive regions: 2->2
[2021-05-15T05:14:58.624+0200][gc,heap      ] GC(0) Humongous regions: 0->0
[2021-05-15T05:14:58.624+0200][gc,metaspace ] GC(0) Metaspace: 14395K(15104K)->14395K(15104K) NonClass: 12581K(13056K)->12581K(13056K) Class: 1813K(2048K)->1813K(2048K)
[2021-05-15T05:14:58.624+0200][gc           ] GC(0) Pause Young (Normal) (G1 Evacuation Pause) 51M->7M(1024M) 6,337ms
[2021-05-15T05:14:58.624+0200][gc,cpu       ] GC(0) User=0,02s Sys=0,00s Real=0,01s
[2021-05-15T05:14:59.125+0200][gc,start     ] GC(1) Pause Young (Concurrent Start) (Metadata GC Threshold)
[2021-05-15T05:14:59.125+0200][gc,task      ] GC(1) Using 4 workers of 4 for evacuation
[2021-05-15T05:14:59.143+0200][gc,phases    ] GC(1)   Pre Evacuate Collection Set: 0,2ms
[2021-05-15T05:14:59.143+0200][gc,phases    ] GC(1)   Merge Heap Roots: 0,0ms
[2021-05-15T05:14:59.143+0200][gc,phases    ] GC(1)   Evacuate Collection Set: 16,8ms
[2021-05-15T05:14:59.143+0200][gc,phases    ] GC(1)   Post Evacuate Collection Set: 0,8ms
[2021-05-15T05:14:59.143+0200][gc,phases    ] GC(1)   Other: 0,2ms
[2021-05-15T05:14:59.143+0200][gc,heap      ] GC(1) Eden regions: 27->0(49)
[2021-05-15T05:14:59.143+0200][gc,heap      ] GC(1) Survivor regions: 7->2(7)
[2021-05-15T05:14:59.143+0200][gc,heap      ] GC(1) Old regions: 0->7
[2021-05-15T05:14:59.143+0200][gc,heap      ] GC(1) Archive regions: 2->2
[2021-05-15T05:14:59.143+0200][gc,heap      ] GC(1) Humongous regions: 0->0
[2021-05-15T05:14:59.143+0200][gc,metaspace ] GC(1) Metaspace: 20532K(21248K)->20532K(21248K) NonClass: 17963K(18432K)->17963K(18432K) Class: 2568K(2816K)->2568K(2816K)
[2021-05-15T05:14:59.143+0200][gc           ] GC(1) Pause Young (Concurrent Start) (Metadata GC Threshold) 34M->8M(1024M) 18,096ms
[2021-05-15T05:14:59.143+0200][gc,cpu       ] GC(1) User=0,04s Sys=0,00s Real=0,02s
[2021-05-15T05:14:59.143+0200][gc           ] GC(2) Concurrent Cycle
[2021-05-15T05:14:59.143+0200][gc,marking   ] GC(2) Concurrent Clear Claimed Marks
[2021-05-15T05:14:59.143+0200][gc,marking   ] GC(2) Concurrent Clear Claimed Marks 0,051ms
[2021-05-15T05:14:59.143+0200][gc,marking   ] GC(2) Concurrent Scan Root Regions
[2021-05-15T05:14:59.151+0200][gc,marking   ] GC(2) Concurrent Scan Root Regions 8,269ms
[2021-05-15T05:14:59.151+0200][gc,marking   ] GC(2) Concurrent Mark (1,618s)
[2021-05-15T05:14:59.151+0200][gc,marking   ] GC(2) Concurrent Mark From Roots
[2021-05-15T05:14:59.151+0200][gc,task      ] GC(2) Using 1 workers of 1 for marking
[2021-05-15T05:14:59.153+0200][gc,marking   ] GC(2) Concurrent Mark From Roots 2,042ms
[2021-05-15T05:14:59.153+0200][gc,marking   ] GC(2) Concurrent Preclean
[2021-05-15T05:14:59.154+0200][gc,marking   ] GC(2) Concurrent Preclean 0,076ms
[2021-05-15T05:14:59.154+0200][gc,marking   ] GC(2) Concurrent Mark (1,618s, 1,621s) 2,198ms
[2021-05-15T05:14:59.154+0200][gc,start     ] GC(2) Pause Remark
[2021-05-15T05:14:59.155+0200][gc           ] GC(2) Pause Remark 8M->8M(1024M) 1,088ms
[2021-05-15T05:14:59.155+0200][gc,cpu       ] GC(2) User=0,00s Sys=0,00s Real=0,00s
[2021-05-15T05:14:59.155+0200][gc,marking   ] GC(2) Concurrent Rebuild Remembered Sets
[2021-05-15T05:14:59.161+0200][gc,marking   ] GC(2) Concurrent Rebuild Remembered Sets 6,430ms
[2021-05-15T05:14:59.162+0200][gc,start     ] GC(2) Pause Cleanup
[2021-05-15T05:14:59.162+0200][gc           ] GC(2) Pause Cleanup 8M->8M(1024M) 0,189ms
[2021-05-15T05:14:59.162+0200][gc,cpu       ] GC(2) User=0,00s Sys=0,00s Real=0,00s
[2021-05-15T05:14:59.162+0200][gc,marking   ] GC(2) Concurrent Cleanup for Next Mark
[2021-05-15T05:14:59.172+0200][gc,marking   ] GC(2) Concurrent Cleanup for Next Mark 9,342ms
[2021-05-15T05:14:59.172+0200][gc           ] GC(2) Concurrent Cycle 28,860ms
[2021-05-15T05:14:59.996+0200][gc,start     ] GC(3) Pause Young (Normal) (G1 Evacuation Pause)
[2021-05-15T05:14:59.996+0200][gc,task      ] GC(3) Using 4 workers of 4 for evacuation
[2021-05-15T05:15:00.002+0200][gc,phases    ] GC(3)   Pre Evacuate Collection Set: 0,1ms
[2021-05-15T05:15:00.002+0200][gc,phases    ] GC(3)   Merge Heap Roots: 0,0ms
[2021-05-15T05:15:00.002+0200][gc,phases    ] GC(3)   Evacuate Collection Set: 5,4ms
[2021-05-15T05:15:00.002+0200][gc,phases    ] GC(3)   Post Evacuate Collection Set: 0,5ms
[2021-05-15T05:15:00.002+0200][gc,phases    ] GC(3)   Other: 0,1ms
[2021-05-15T05:15:00.002+0200][gc,heap      ] GC(3) Eden regions: 49->0(46)
[2021-05-15T05:15:00.002+0200][gc,heap      ] GC(3) Survivor regions: 2->5(7)
[2021-05-15T05:15:00.002+0200][gc,heap      ] GC(3) Old regions: 7->7
[2021-05-15T05:15:00.002+0200][gc,heap      ] GC(3) Archive regions: 2->2
[2021-05-15T05:15:00.002+0200][gc,heap      ] GC(3) Humongous regions: 129->129
[2021-05-15T05:15:00.002+0200][gc,metaspace ] GC(3) Metaspace: 29032K(30336K)->29032K(30336K) NonClass: 25536K(26368K)->25536K(26368K) Class: 3495K(3968K)->3495K(3968K)
[2021-05-15T05:15:00.002+0200][gc           ] GC(3) Pause Young (Normal) (G1 Evacuation Pause) 186M->140M(1024M) 6,317ms
[2021-05-15T05:15:00.002+0200][gc,cpu       ] GC(3) User=0,02s Sys=0,00s Real=0,01s
[2021-05-15T05:15:29.233+0200][gc,start     ] GC(4) Pause Young (Concurrent Start) (Metadata GC Threshold)
[2021-05-15T05:15:29.233+0200][gc,task      ] GC(4) Using 4 workers of 4 for evacuation
[2021-05-15T05:15:29.243+0200][gc,phases    ] GC(4)   Pre Evacuate Collection Set: 0,3ms
[2021-05-15T05:15:29.243+0200][gc,phases    ] GC(4)   Merge Heap Roots: 0,1ms
[2021-05-15T05:15:29.243+0200][gc,phases    ] GC(4)   Evacuate Collection Set: 8,4ms
[2021-05-15T05:15:29.243+0200][gc,phases    ] GC(4)   Post Evacuate Collection Set: 0,6ms
[2021-05-15T05:15:29.243+0200][gc,phases    ] GC(4)   Other: 0,3ms
[2021-05-15T05:15:29.243+0200][gc,heap      ] GC(4) Eden regions: 26->0(49)
[2021-05-15T05:15:29.243+0200][gc,heap      ] GC(4) Survivor regions: 5->2(7)
[2021-05-15T05:15:29.243+0200][gc,heap      ] GC(4) Old regions: 7->11
[2021-05-15T05:15:29.243+0200][gc,heap      ] GC(4) Archive regions: 2->2
[2021-05-15T05:15:29.243+0200][gc,heap      ] GC(4) Humongous regions: 129->129
[2021-05-15T05:15:29.243+0200][gc,metaspace ] GC(4) Metaspace: 34279K(35584K)->34279K(35584K) NonClass: 30233K(30976K)->30233K(30976K) Class: 4045K(4608K)->4045K(4608K)
[2021-05-15T05:15:29.243+0200][gc           ] GC(4) Pause Young (Concurrent Start) (Metadata GC Threshold) 165M->142M(1024M) 9,672ms
[2021-05-15T05:15:29.243+0200][gc,cpu       ] GC(4) User=0,03s Sys=0,01s Real=0,01s
[2021-05-15T05:15:29.243+0200][gc           ] GC(5) Concurrent Cycle
[2021-05-15T05:15:29.243+0200][gc,marking   ] GC(5) Concurrent Clear Claimed Marks
[2021-05-15T05:15:29.243+0200][gc,marking   ] GC(5) Concurrent Clear Claimed Marks 0,122ms
[2021-05-15T05:15:29.243+0200][gc,marking   ] GC(5) Concurrent Scan Root Regions
[2021-05-15T05:15:29.253+0200][gc,marking   ] GC(5) Concurrent Scan Root Regions 9,918ms
[2021-05-15T05:15:29.253+0200][gc,marking   ] GC(5) Concurrent Mark (31,720s)
[2021-05-15T05:15:29.253+0200][gc,marking   ] GC(5) Concurrent Mark From Roots
[2021-05-15T05:15:29.253+0200][gc,task      ] GC(5) Using 1 workers of 1 for marking
[2021-05-15T05:15:29.265+0200][gc,marking   ] GC(5) Concurrent Mark From Roots 11,956ms
[2021-05-15T05:15:29.265+0200][gc,marking   ] GC(5) Concurrent Preclean
[2021-05-15T05:15:29.265+0200][gc,marking   ] GC(5) Concurrent Preclean 0,079ms
[2021-05-15T05:15:29.265+0200][gc,marking   ] GC(5) Concurrent Mark (31,720s, 31,732s) 12,107ms
[2021-05-15T05:15:29.265+0200][gc,start     ] GC(5) Pause Remark
[2021-05-15T05:15:29.267+0200][gc           ] GC(5) Pause Remark 143M->143M(1024M) 1,469ms
[2021-05-15T05:15:29.267+0200][gc,cpu       ] GC(5) User=0,01s Sys=0,01s Real=0,00s
[2021-05-15T05:15:29.267+0200][gc,marking   ] GC(5) Concurrent Rebuild Remembered Sets
[2021-05-15T05:15:29.275+0200][gc,marking   ] GC(5) Concurrent Rebuild Remembered Sets 7,670ms
[2021-05-15T05:15:29.275+0200][gc,start     ] GC(5) Pause Cleanup
[2021-05-15T05:15:29.275+0200][gc           ] GC(5) Pause Cleanup 143M->143M(1024M) 0,147ms
[2021-05-15T05:15:29.275+0200][gc,cpu       ] GC(5) User=0,00s Sys=0,00s Real=0,00s
[2021-05-15T05:15:29.275+0200][gc,marking   ] GC(5) Concurrent Cleanup for Next Mark
[2021-05-15T05:15:29.283+0200][gc,marking   ] GC(5) Concurrent Cleanup for Next Mark 7,863ms
[2021-05-15T05:15:29.283+0200][gc           ] GC(5) Concurrent Cycle 39,920ms
[2021-05-15T05:28:05.351+0200][gc,heap,exit ] Heap
[2021-05-15T05:28:05.352+0200][gc,heap,exit ]  garbage-first heap   total 1048576K, used 162137K [0x00000000c0000000, 0x0000000100000000)
[2021-05-15T05:28:05.352+0200][gc,heap,exit ]   region size 1024K, 19 young (19456K), 2 survivors (2048K)
[2021-05-15T05:28:05.352+0200][gc,heap,exit ]  Metaspace       used 35434K, capacity 36871K, committed 36984K, reserved 1081344K
[2021-05-15T05:28:05.352+0200][gc,heap,exit ]   class space    used 4271K, capacity 4927K, committed 4984K, reserved 1048576K
