[2021-05-15T04:46:34.497+0200][gc,heap] Heap region size: 1M
[2021-05-15T04:46:34.497+0200][gc,heap,coops] Heap address: 0x00000000c0000000, size: 1024 MB, Compressed Oops mode: 32-bit
[2021-05-15T04:46:34.508+0200][gc           ] Using G1
[2021-05-15T04:46:34.508+0200][gc,cds       ] Mark closed archive regions in map: [0x00000000fff00000, 0x00000000fff7eff8]
[2021-05-15T04:46:34.508+0200][gc,cds       ] Mark open archive regions in map: [0x00000000ffe00000, 0x00000000ffe51ff8]
[2021-05-15T04:46:34.518+0200][gc           ] Periodic GC disabled
[2021-05-15T04:46:35.501+0200][gc,start     ] GC(0) Pause Young (Normal) (G1 Evacuation Pause)
[2021-05-15T04:46:35.501+0200][gc,task      ] GC(0) Using 4 workers of 4 for evacuation
[2021-05-15T04:46:35.507+0200][gc,phases    ] GC(0)   Pre Evacuate Collection Set: 0,1ms
[2021-05-15T04:46:35.507+0200][gc,phases    ] GC(0)   Merge Heap Roots: 0,1ms
[2021-05-15T04:46:35.507+0200][gc,phases    ] GC(0)   Evacuate Collection Set: 5,4ms
[2021-05-15T04:46:35.507+0200][gc,phases    ] GC(0)   Post Evacuate Collection Set: 0,5ms
[2021-05-15T04:46:35.507+0200][gc,phases    ] GC(0)   Other: 0,4ms
[2021-05-15T04:46:35.507+0200][gc,heap      ] GC(0) Eden regions: 51->0(44)
[2021-05-15T04:46:35.507+0200][gc,heap      ] GC(0) Survivor regions: 0->7(7)
[2021-05-15T04:46:35.507+0200][gc,heap      ] GC(0) Old regions: 0->0
[2021-05-15T04:46:35.507+0200][gc,heap      ] GC(0) Archive regions: 2->2
[2021-05-15T04:46:35.507+0200][gc,heap      ] GC(0) Humongous regions: 0->0
[2021-05-15T04:46:35.507+0200][gc,metaspace ] GC(0) Metaspace: 14898K(15616K)->14898K(15616K) NonClass: 13028K(13568K)->13028K(13568K) Class: 1870K(2048K)->1870K(2048K)
[2021-05-15T04:46:35.507+0200][gc           ] GC(0) Pause Young (Normal) (G1 Evacuation Pause) 51M->7M(1024M) 6,560ms
[2021-05-15T04:46:35.507+0200][gc,cpu       ] GC(0) User=0,01s Sys=0,00s Real=0,01s
[2021-05-15T04:46:35.962+0200][gc,start     ] GC(1) Pause Young (Concurrent Start) (Metadata GC Threshold)
[2021-05-15T04:46:35.962+0200][gc,task      ] GC(1) Using 4 workers of 4 for evacuation
[2021-05-15T04:46:35.976+0200][gc,phases    ] GC(1)   Pre Evacuate Collection Set: 0,2ms
[2021-05-15T04:46:35.976+0200][gc,phases    ] GC(1)   Merge Heap Roots: 0,0ms
[2021-05-15T04:46:35.976+0200][gc,phases    ] GC(1)   Evacuate Collection Set: 12,9ms
[2021-05-15T04:46:35.976+0200][gc,phases    ] GC(1)   Post Evacuate Collection Set: 0,6ms
[2021-05-15T04:46:35.976+0200][gc,phases    ] GC(1)   Other: 0,3ms
[2021-05-15T04:46:35.976+0200][gc,heap      ] GC(1) Eden regions: 24->0(49)
[2021-05-15T04:46:35.976+0200][gc,heap      ] GC(1) Survivor regions: 7->2(7)
[2021-05-15T04:46:35.976+0200][gc,heap      ] GC(1) Old regions: 0->7
[2021-05-15T04:46:35.976+0200][gc,heap      ] GC(1) Archive regions: 2->2
[2021-05-15T04:46:35.976+0200][gc,heap      ] GC(1) Humongous regions: 0->0
[2021-05-15T04:46:35.976+0200][gc,metaspace ] GC(1) Metaspace: 20653K(21248K)->20653K(21248K) NonClass: 18084K(18432K)->18084K(18432K) Class: 2568K(2816K)->2568K(2816K)
[2021-05-15T04:46:35.976+0200][gc           ] GC(1) Pause Young (Concurrent Start) (Metadata GC Threshold) 31M->8M(1024M) 14,364ms
[2021-05-15T04:46:35.976+0200][gc,cpu       ] GC(1) User=0,03s Sys=0,00s Real=0,01s
[2021-05-15T04:46:35.977+0200][gc           ] GC(2) Concurrent Cycle
[2021-05-15T04:46:35.977+0200][gc,marking   ] GC(2) Concurrent Clear Claimed Marks
[2021-05-15T04:46:35.977+0200][gc,marking   ] GC(2) Concurrent Clear Claimed Marks 0,184ms
[2021-05-15T04:46:35.977+0200][gc,marking   ] GC(2) Concurrent Scan Root Regions
[2021-05-15T04:46:35.986+0200][gc,marking   ] GC(2) Concurrent Scan Root Regions 8,832ms
[2021-05-15T04:46:35.986+0200][gc,marking   ] GC(2) Concurrent Mark (1,495s)
[2021-05-15T04:46:35.987+0200][gc,marking   ] GC(2) Concurrent Mark From Roots
[2021-05-15T04:46:35.987+0200][gc,task      ] GC(2) Using 1 workers of 1 for marking
[2021-05-15T04:46:35.989+0200][gc,marking   ] GC(2) Concurrent Mark From Roots 2,733ms
[2021-05-15T04:46:35.989+0200][gc,marking   ] GC(2) Concurrent Preclean
[2021-05-15T04:46:35.989+0200][gc,marking   ] GC(2) Concurrent Preclean 0,061ms
[2021-05-15T04:46:35.989+0200][gc,marking   ] GC(2) Concurrent Mark (1,495s, 1,497s) 2,910ms
[2021-05-15T04:46:35.990+0200][gc,start     ] GC(2) Pause Remark
[2021-05-15T04:46:35.994+0200][gc           ] GC(2) Pause Remark 8M->8M(1024M) 4,653ms
[2021-05-15T04:46:35.994+0200][gc,cpu       ] GC(2) User=0,00s Sys=0,00s Real=0,00s
[2021-05-15T04:46:35.994+0200][gc,marking   ] GC(2) Concurrent Rebuild Remembered Sets
[2021-05-15T04:46:36.001+0200][gc,marking   ] GC(2) Concurrent Rebuild Remembered Sets 6,553ms
[2021-05-15T04:46:36.002+0200][gc,start     ] GC(2) Pause Cleanup
[2021-05-15T04:46:36.002+0200][gc           ] GC(2) Pause Cleanup 8M->8M(1024M) 0,173ms
[2021-05-15T04:46:36.002+0200][gc,cpu       ] GC(2) User=0,00s Sys=0,00s Real=0,00s
[2021-05-15T04:46:36.002+0200][gc,marking   ] GC(2) Concurrent Cleanup for Next Mark
[2021-05-15T04:46:36.013+0200][gc,marking   ] GC(2) Concurrent Cleanup for Next Mark 11,123ms
[2021-05-15T04:46:36.013+0200][gc           ] GC(2) Concurrent Cycle 36,013ms
[2021-05-15T04:46:36.949+0200][gc,start     ] GC(3) Pause Young (Normal) (G1 Evacuation Pause)
[2021-05-15T04:46:36.949+0200][gc,task      ] GC(3) Using 4 workers of 4 for evacuation
[2021-05-15T04:46:36.956+0200][gc,phases    ] GC(3)   Pre Evacuate Collection Set: 0,1ms
[2021-05-15T04:46:36.956+0200][gc,phases    ] GC(3)   Merge Heap Roots: 0,0ms
[2021-05-15T04:46:36.956+0200][gc,phases    ] GC(3)   Evacuate Collection Set: 5,7ms
[2021-05-15T04:46:36.956+0200][gc,phases    ] GC(3)   Post Evacuate Collection Set: 0,4ms
[2021-05-15T04:46:36.956+0200][gc,phases    ] GC(3)   Other: 0,1ms
[2021-05-15T04:46:36.956+0200][gc,heap      ] GC(3) Eden regions: 49->0(46)
[2021-05-15T04:46:36.956+0200][gc,heap      ] GC(3) Survivor regions: 2->5(7)
[2021-05-15T04:46:36.956+0200][gc,heap      ] GC(3) Old regions: 7->7
[2021-05-15T04:46:36.956+0200][gc,heap      ] GC(3) Archive regions: 2->2
[2021-05-15T04:46:36.956+0200][gc,heap      ] GC(3) Humongous regions: 129->129
[2021-05-15T04:46:36.956+0200][gc,metaspace ] GC(3) Metaspace: 29150K(30332K)->29150K(30332K) NonClass: 25643K(26364K)->25643K(26364K) Class: 3506K(3968K)->3506K(3968K)
[2021-05-15T04:46:36.956+0200][gc           ] GC(3) Pause Young (Normal) (G1 Evacuation Pause) 186M->140M(1024M) 6,459ms
[2021-05-15T04:46:36.956+0200][gc,cpu       ] GC(3) User=0,02s Sys=0,00s Real=0,00s
[2021-05-15T04:52:36.902+0200][gc,start     ] GC(4) Pause Young (Concurrent Start) (Metadata GC Threshold)
[2021-05-15T04:52:36.902+0200][gc,task      ] GC(4) Using 4 workers of 4 for evacuation
[2021-05-15T04:52:36.916+0200][gc,phases    ] GC(4)   Pre Evacuate Collection Set: 0,3ms
[2021-05-15T04:52:36.916+0200][gc,phases    ] GC(4)   Merge Heap Roots: 0,1ms
[2021-05-15T04:52:36.916+0200][gc,phases    ] GC(4)   Evacuate Collection Set: 11,8ms
[2021-05-15T04:52:36.916+0200][gc,phases    ] GC(4)   Post Evacuate Collection Set: 1,0ms
[2021-05-15T04:52:36.916+0200][gc,phases    ] GC(4)   Other: 0,7ms
[2021-05-15T04:52:36.916+0200][gc,heap      ] GC(4) Eden regions: 27->0(49)
[2021-05-15T04:52:36.916+0200][gc,heap      ] GC(4) Survivor regions: 5->2(7)
[2021-05-15T04:52:36.916+0200][gc,heap      ] GC(4) Old regions: 7->11
[2021-05-15T04:52:36.916+0200][gc,heap      ] GC(4) Archive regions: 2->2
[2021-05-15T04:52:36.916+0200][gc,heap      ] GC(4) Humongous regions: 129->129
[2021-05-15T04:52:36.916+0200][gc,metaspace ] GC(4) Metaspace: 34539K(35964K)->34539K(35964K) NonClass: 30461K(31228K)->30461K(31228K) Class: 4077K(4736K)->4077K(4736K)
[2021-05-15T04:52:36.916+0200][gc           ] GC(4) Pause Young (Concurrent Start) (Metadata GC Threshold) 167M->142M(1024M) 14,015ms
[2021-05-15T04:52:36.916+0200][gc,cpu       ] GC(4) User=0,02s Sys=0,00s Real=0,01s
[2021-05-15T04:52:36.917+0200][gc           ] GC(5) Concurrent Cycle
[2021-05-15T04:52:36.917+0200][gc,marking   ] GC(5) Concurrent Clear Claimed Marks
[2021-05-15T04:52:36.917+0200][gc,marking   ] GC(5) Concurrent Clear Claimed Marks 0,139ms
[2021-05-15T04:52:36.917+0200][gc,marking   ] GC(5) Concurrent Scan Root Regions
[2021-05-15T04:52:36.924+0200][gc,marking   ] GC(5) Concurrent Scan Root Regions 6,988ms
[2021-05-15T04:52:36.924+0200][gc,marking   ] GC(5) Concurrent Mark (362,432s)
[2021-05-15T04:52:36.924+0200][gc,marking   ] GC(5) Concurrent Mark From Roots
[2021-05-15T04:52:36.924+0200][gc,task      ] GC(5) Using 1 workers of 1 for marking
[2021-05-15T04:52:36.943+0200][gc,marking   ] GC(5) Concurrent Mark From Roots 18,380ms
[2021-05-15T04:52:36.943+0200][gc,marking   ] GC(5) Concurrent Preclean
[2021-05-15T04:52:36.943+0200][gc,marking   ] GC(5) Concurrent Preclean 0,133ms
[2021-05-15T04:52:36.943+0200][gc,marking   ] GC(5) Concurrent Mark (362,432s, 362,451s) 18,612ms
[2021-05-15T04:52:36.943+0200][gc,start     ] GC(5) Pause Remark
[2021-05-15T04:52:36.945+0200][gc           ] GC(5) Pause Remark 142M->142M(1024M) 1,616ms
[2021-05-15T04:52:36.945+0200][gc,cpu       ] GC(5) User=0,00s Sys=0,00s Real=0,00s
[2021-05-15T04:52:36.945+0200][gc,marking   ] GC(5) Concurrent Rebuild Remembered Sets
[2021-05-15T04:52:36.958+0200][gc,marking   ] GC(5) Concurrent Rebuild Remembered Sets 13,482ms
[2021-05-15T04:52:36.959+0200][gc,start     ] GC(5) Pause Cleanup
[2021-05-15T04:52:36.959+0200][gc           ] GC(5) Pause Cleanup 142M->142M(1024M) 0,164ms
[2021-05-15T04:52:36.959+0200][gc,cpu       ] GC(5) User=0,00s Sys=0,00s Real=0,00s
[2021-05-15T04:52:36.959+0200][gc,marking   ] GC(5) Concurrent Cleanup for Next Mark
[2021-05-15T04:52:36.975+0200][gc,marking   ] GC(5) Concurrent Cleanup for Next Mark 16,025ms
[2021-05-15T04:52:36.975+0200][gc           ] GC(5) Concurrent Cycle 58,004ms
[2021-05-15T05:08:38.199+0200][gc,heap,exit ] Heap
[2021-05-15T05:08:38.203+0200][gc,heap,exit ]  garbage-first heap   total 1048576K, used 162047K [0x00000000c0000000, 0x0000000100000000)
[2021-05-15T05:08:38.204+0200][gc,heap,exit ]   region size 1024K, 19 young (19456K), 2 survivors (2048K)
[2021-05-15T05:08:38.204+0200][gc,heap,exit ]  Metaspace       used 35544K, capacity 37027K, committed 37244K, reserved 1081344K
[2021-05-15T05:08:38.204+0200][gc,heap,exit ]   class space    used 4279K, capacity 4937K, committed 4992K, reserved 1048576K
