[2021-05-15T05:41:01.482+0200][gc,heap] Heap region size: 1M
[2021-05-15T05:41:01.483+0200][gc,heap,coops] Heap address: 0x00000000c0000000, size: 1024 MB, Compressed Oops mode: 32-bit
[2021-05-15T05:41:01.495+0200][gc           ] Using G1
[2021-05-15T05:41:01.495+0200][gc,cds       ] Mark closed archive regions in map: [0x00000000fff00000, 0x00000000fff7eff8]
[2021-05-15T05:41:01.495+0200][gc,cds       ] Mark open archive regions in map: [0x00000000ffe00000, 0x00000000ffe51ff8]
[2021-05-15T05:41:01.505+0200][gc           ] Periodic GC disabled
[2021-05-15T05:41:02.554+0200][gc,start     ] GC(0) Pause Young (Normal) (G1 Evacuation Pause)
[2021-05-15T05:41:02.555+0200][gc,task      ] GC(0) Using 4 workers of 4 for evacuation
[2021-05-15T05:41:02.571+0200][gc,phases    ] GC(0)   Pre Evacuate Collection Set: 0,1ms
[2021-05-15T05:41:02.571+0200][gc,phases    ] GC(0)   Merge Heap Roots: 0,0ms
[2021-05-15T05:41:02.571+0200][gc,phases    ] GC(0)   Evacuate Collection Set: 15,9ms
[2021-05-15T05:41:02.571+0200][gc,phases    ] GC(0)   Post Evacuate Collection Set: 0,5ms
[2021-05-15T05:41:02.571+0200][gc,phases    ] GC(0)   Other: 0,5ms
[2021-05-15T05:41:02.571+0200][gc,heap      ] GC(0) Eden regions: 51->0(44)
[2021-05-15T05:41:02.571+0200][gc,heap      ] GC(0) Survivor regions: 0->7(7)
[2021-05-15T05:41:02.571+0200][gc,heap      ] GC(0) Old regions: 0->0
[2021-05-15T05:41:02.571+0200][gc,heap      ] GC(0) Archive regions: 2->2
[2021-05-15T05:41:02.571+0200][gc,heap      ] GC(0) Humongous regions: 0->0
[2021-05-15T05:41:02.571+0200][gc,metaspace ] GC(0) Metaspace: 14962K(15616K)->14962K(15616K) NonClass: 13082K(13568K)->13082K(13568K) Class: 1879K(2048K)->1879K(2048K)
[2021-05-15T05:41:02.571+0200][gc           ] GC(0) Pause Young (Normal) (G1 Evacuation Pause) 51M->7M(1024M) 17,221ms
[2021-05-15T05:41:02.571+0200][gc,cpu       ] GC(0) User=0,03s Sys=0,01s Real=0,02s
[2021-05-15T05:41:03.005+0200][gc,start     ] GC(1) Pause Young (Concurrent Start) (Metadata GC Threshold)
[2021-05-15T05:41:03.005+0200][gc,task      ] GC(1) Using 4 workers of 4 for evacuation
[2021-05-15T05:41:03.021+0200][gc,phases    ] GC(1)   Pre Evacuate Collection Set: 0,2ms
[2021-05-15T05:41:03.021+0200][gc,phases    ] GC(1)   Merge Heap Roots: 0,0ms
[2021-05-15T05:41:03.021+0200][gc,phases    ] GC(1)   Evacuate Collection Set: 14,9ms
[2021-05-15T05:41:03.021+0200][gc,phases    ] GC(1)   Post Evacuate Collection Set: 0,5ms
[2021-05-15T05:41:03.021+0200][gc,phases    ] GC(1)   Other: 0,3ms
[2021-05-15T05:41:03.021+0200][gc,heap      ] GC(1) Eden regions: 24->0(49)
[2021-05-15T05:41:03.021+0200][gc,heap      ] GC(1) Survivor regions: 7->2(7)
[2021-05-15T05:41:03.021+0200][gc,heap      ] GC(1) Old regions: 0->7
[2021-05-15T05:41:03.021+0200][gc,heap      ] GC(1) Archive regions: 2->2
[2021-05-15T05:41:03.021+0200][gc,heap      ] GC(1) Humongous regions: 0->0
[2021-05-15T05:41:03.021+0200][gc,metaspace ] GC(1) Metaspace: 20535K(21248K)->20535K(21248K) NonClass: 17966K(18432K)->17966K(18432K) Class: 2568K(2816K)->2568K(2816K)
[2021-05-15T05:41:03.021+0200][gc           ] GC(1) Pause Young (Concurrent Start) (Metadata GC Threshold) 30M->8M(1024M) 16,010ms
[2021-05-15T05:41:03.021+0200][gc,cpu       ] GC(1) User=0,03s Sys=0,01s Real=0,01s
[2021-05-15T05:41:03.021+0200][gc           ] GC(2) Concurrent Cycle
[2021-05-15T05:41:03.021+0200][gc,marking   ] GC(2) Concurrent Clear Claimed Marks
[2021-05-15T05:41:03.021+0200][gc,marking   ] GC(2) Concurrent Clear Claimed Marks 0,073ms
[2021-05-15T05:41:03.021+0200][gc,marking   ] GC(2) Concurrent Scan Root Regions
[2021-05-15T05:41:03.032+0200][gc,marking   ] GC(2) Concurrent Scan Root Regions 11,102ms
[2021-05-15T05:41:03.032+0200][gc,marking   ] GC(2) Concurrent Mark (1,553s)
[2021-05-15T05:41:03.032+0200][gc,marking   ] GC(2) Concurrent Mark From Roots
[2021-05-15T05:41:03.032+0200][gc,task      ] GC(2) Using 1 workers of 1 for marking
[2021-05-15T05:41:03.036+0200][gc,marking   ] GC(2) Concurrent Mark From Roots 4,269ms
[2021-05-15T05:41:03.036+0200][gc,marking   ] GC(2) Concurrent Preclean
[2021-05-15T05:41:03.037+0200][gc,marking   ] GC(2) Concurrent Preclean 0,079ms
[2021-05-15T05:41:03.037+0200][gc,marking   ] GC(2) Concurrent Mark (1,553s, 1,557s) 4,448ms
[2021-05-15T05:41:03.037+0200][gc,start     ] GC(2) Pause Remark
[2021-05-15T05:41:03.038+0200][gc           ] GC(2) Pause Remark 8M->8M(1024M) 1,427ms
[2021-05-15T05:41:03.038+0200][gc,cpu       ] GC(2) User=0,01s Sys=0,00s Real=0,00s
[2021-05-15T05:41:03.038+0200][gc,marking   ] GC(2) Concurrent Rebuild Remembered Sets
[2021-05-15T05:41:03.043+0200][gc,marking   ] GC(2) Concurrent Rebuild Remembered Sets 4,937ms
[2021-05-15T05:41:03.044+0200][gc,start     ] GC(2) Pause Cleanup
[2021-05-15T05:41:03.044+0200][gc           ] GC(2) Pause Cleanup 8M->8M(1024M) 0,267ms
[2021-05-15T05:41:03.044+0200][gc,cpu       ] GC(2) User=0,00s Sys=0,00s Real=0,00s
[2021-05-15T05:41:03.044+0200][gc,marking   ] GC(2) Concurrent Cleanup for Next Mark
[2021-05-15T05:41:03.054+0200][gc,marking   ] GC(2) Concurrent Cleanup for Next Mark 10,004ms
[2021-05-15T05:41:03.054+0200][gc           ] GC(2) Concurrent Cycle 33,488ms
[2021-05-15T05:41:03.958+0200][gc,start     ] GC(3) Pause Young (Normal) (G1 Evacuation Pause)
[2021-05-15T05:41:03.958+0200][gc,task      ] GC(3) Using 4 workers of 4 for evacuation
[2021-05-15T05:41:03.968+0200][gc,phases    ] GC(3)   Pre Evacuate Collection Set: 0,1ms
[2021-05-15T05:41:03.968+0200][gc,phases    ] GC(3)   Merge Heap Roots: 0,1ms
[2021-05-15T05:41:03.968+0200][gc,phases    ] GC(3)   Evacuate Collection Set: 8,9ms
[2021-05-15T05:41:03.968+0200][gc,phases    ] GC(3)   Post Evacuate Collection Set: 0,6ms
[2021-05-15T05:41:03.968+0200][gc,phases    ] GC(3)   Other: 0,2ms
[2021-05-15T05:41:03.968+0200][gc,heap      ] GC(3) Eden regions: 49->0(46)
[2021-05-15T05:41:03.968+0200][gc,heap      ] GC(3) Survivor regions: 2->5(7)
[2021-05-15T05:41:03.968+0200][gc,heap      ] GC(3) Old regions: 7->7
[2021-05-15T05:41:03.968+0200][gc,heap      ] GC(3) Archive regions: 2->2
[2021-05-15T05:41:03.968+0200][gc,heap      ] GC(3) Humongous regions: 129->129
[2021-05-15T05:41:03.968+0200][gc,metaspace ] GC(3) Metaspace: 29260K(30588K)->29260K(30588K) NonClass: 25730K(26620K)->25730K(26620K) Class: 3529K(3968K)->3529K(3968K)
[2021-05-15T05:41:03.968+0200][gc           ] GC(3) Pause Young (Normal) (G1 Evacuation Pause) 186M->140M(1024M) 9,844ms
[2021-05-15T05:41:03.968+0200][gc,cpu       ] GC(3) User=0,02s Sys=0,00s Real=0,01s
[2021-05-15T05:47:03.892+0200][gc,start     ] GC(4) Pause Young (Concurrent Start) (Metadata GC Threshold)
[2021-05-15T05:47:03.892+0200][gc,task      ] GC(4) Using 4 workers of 4 for evacuation
[2021-05-15T05:47:03.904+0200][gc,phases    ] GC(4)   Pre Evacuate Collection Set: 0,5ms
[2021-05-15T05:47:03.904+0200][gc,phases    ] GC(4)   Merge Heap Roots: 0,3ms
[2021-05-15T05:47:03.904+0200][gc,phases    ] GC(4)   Evacuate Collection Set: 10,0ms
[2021-05-15T05:47:03.904+0200][gc,phases    ] GC(4)   Post Evacuate Collection Set: 0,5ms
[2021-05-15T05:47:03.904+0200][gc,phases    ] GC(4)   Other: 1,0ms
[2021-05-15T05:47:03.904+0200][gc,heap      ] GC(4) Eden regions: 27->0(49)
[2021-05-15T05:47:03.904+0200][gc,heap      ] GC(4) Survivor regions: 5->2(7)
[2021-05-15T05:47:03.904+0200][gc,heap      ] GC(4) Old regions: 7->11
[2021-05-15T05:47:03.904+0200][gc,heap      ] GC(4) Archive regions: 2->2
[2021-05-15T05:47:03.904+0200][gc,heap      ] GC(4) Humongous regions: 129->129
[2021-05-15T05:47:03.904+0200][gc,metaspace ] GC(4) Metaspace: 34542K(35964K)->34542K(35964K) NonClass: 30461K(31228K)->30461K(31228K) Class: 4080K(4736K)->4080K(4736K)
[2021-05-15T05:47:03.904+0200][gc           ] GC(4) Pause Young (Concurrent Start) (Metadata GC Threshold) 166M->142M(1024M) 12,278ms
[2021-05-15T05:47:03.904+0200][gc,cpu       ] GC(4) User=0,04s Sys=0,01s Real=0,01s
[2021-05-15T05:47:03.904+0200][gc           ] GC(5) Concurrent Cycle
[2021-05-15T05:47:03.904+0200][gc,marking   ] GC(5) Concurrent Clear Claimed Marks
[2021-05-15T05:47:03.904+0200][gc,marking   ] GC(5) Concurrent Clear Claimed Marks 0,122ms
[2021-05-15T05:47:03.904+0200][gc,marking   ] GC(5) Concurrent Scan Root Regions
[2021-05-15T05:47:03.908+0200][gc,marking   ] GC(5) Concurrent Scan Root Regions 4,271ms
[2021-05-15T05:47:03.908+0200][gc,marking   ] GC(5) Concurrent Mark (362,429s)
[2021-05-15T05:47:03.908+0200][gc,marking   ] GC(5) Concurrent Mark From Roots
[2021-05-15T05:47:03.908+0200][gc,task      ] GC(5) Using 1 workers of 1 for marking
[2021-05-15T05:47:03.917+0200][gc,marking   ] GC(5) Concurrent Mark From Roots 8,260ms
[2021-05-15T05:47:03.917+0200][gc,marking   ] GC(5) Concurrent Preclean
[2021-05-15T05:47:03.917+0200][gc,marking   ] GC(5) Concurrent Preclean 0,082ms
[2021-05-15T05:47:03.917+0200][gc,marking   ] GC(5) Concurrent Mark (362,429s, 362,438s) 8,395ms
[2021-05-15T05:47:03.917+0200][gc,start     ] GC(5) Pause Remark
[2021-05-15T05:47:03.919+0200][gc           ] GC(5) Pause Remark 142M->142M(1024M) 1,754ms
[2021-05-15T05:47:03.919+0200][gc,cpu       ] GC(5) User=0,00s Sys=0,00s Real=0,00s
[2021-05-15T05:47:03.919+0200][gc,marking   ] GC(5) Concurrent Rebuild Remembered Sets
[2021-05-15T05:47:03.926+0200][gc,marking   ] GC(5) Concurrent Rebuild Remembered Sets 7,556ms
[2021-05-15T05:47:03.927+0200][gc,start     ] GC(5) Pause Cleanup
[2021-05-15T05:47:03.927+0200][gc           ] GC(5) Pause Cleanup 142M->142M(1024M) 0,165ms
[2021-05-15T05:47:03.927+0200][gc,cpu       ] GC(5) User=0,00s Sys=0,00s Real=0,00s
[2021-05-15T05:47:03.927+0200][gc,marking   ] GC(5) Concurrent Cleanup for Next Mark
[2021-05-15T05:47:03.935+0200][gc,marking   ] GC(5) Concurrent Cleanup for Next Mark 8,433ms
[2021-05-15T05:47:03.935+0200][gc           ] GC(5) Concurrent Cycle 31,366ms
[2021-05-15T07:55:01.522+0200][gc,start     ] GC(6) Pause Young (Normal) (G1 Evacuation Pause)
[2021-05-15T07:55:01.522+0200][gc,task      ] GC(6) Using 4 workers of 4 for evacuation
[2021-05-15T07:55:01.530+0200][gc,phases    ] GC(6)   Pre Evacuate Collection Set: 0,2ms
[2021-05-15T07:55:01.530+0200][gc,phases    ] GC(6)   Merge Heap Roots: 0,2ms
[2021-05-15T07:55:01.530+0200][gc,phases    ] GC(6)   Evacuate Collection Set: 6,8ms
[2021-05-15T07:55:01.530+0200][gc,phases    ] GC(6)   Post Evacuate Collection Set: 0,4ms
[2021-05-15T07:55:01.530+0200][gc,phases    ] GC(6)   Other: 0,8ms
[2021-05-15T07:55:01.530+0200][gc,heap      ] GC(6) Eden regions: 49->0(49)
[2021-05-15T07:55:01.530+0200][gc,heap      ] GC(6) Survivor regions: 2->2(7)
[2021-05-15T07:55:01.530+0200][gc,heap      ] GC(6) Old regions: 11->11
[2021-05-15T07:55:01.530+0200][gc,heap      ] GC(6) Archive regions: 2->2
[2021-05-15T07:55:01.530+0200][gc,heap      ] GC(6) Humongous regions: 129->129
[2021-05-15T07:55:01.530+0200][gc,metaspace ] GC(6) Metaspace: 35202K(36732K)->35202K(36732K) NonClass: 31081K(31996K)->31081K(31996K) Class: 4120K(4736K)->4120K(4736K)
[2021-05-15T07:55:01.530+0200][gc           ] GC(6) Pause Young (Normal) (G1 Evacuation Pause) 191M->142M(1024M) 8,426ms
[2021-05-15T07:55:01.530+0200][gc,cpu       ] GC(6) User=0,02s Sys=0,00s Real=0,01s
[2021-05-15T10:05:23.384+0200][gc,start     ] GC(7) Pause Young (Normal) (G1 Evacuation Pause)
[2021-05-15T10:05:23.385+0200][gc,task      ] GC(7) Using 4 workers of 4 for evacuation
[2021-05-15T10:05:23.390+0200][gc,phases    ] GC(7)   Pre Evacuate Collection Set: 0,2ms
[2021-05-15T10:05:23.390+0200][gc,phases    ] GC(7)   Merge Heap Roots: 0,1ms
[2021-05-15T10:05:23.390+0200][gc,phases    ] GC(7)   Evacuate Collection Set: 4,6ms
[2021-05-15T10:05:23.390+0200][gc,phases    ] GC(7)   Post Evacuate Collection Set: 0,5ms
[2021-05-15T10:05:23.391+0200][gc,phases    ] GC(7)   Other: 0,6ms
[2021-05-15T10:05:23.391+0200][gc,heap      ] GC(7) Eden regions: 49->0(49)
[2021-05-15T10:05:23.391+0200][gc,heap      ] GC(7) Survivor regions: 2->2(7)
[2021-05-15T10:05:23.391+0200][gc,heap      ] GC(7) Old regions: 11->11
[2021-05-15T10:05:23.391+0200][gc,heap      ] GC(7) Archive regions: 2->2
[2021-05-15T10:05:23.391+0200][gc,heap      ] GC(7) Humongous regions: 129->129
[2021-05-15T10:05:23.391+0200][gc,metaspace ] GC(7) Metaspace: 35275K(36732K)->35275K(36732K) NonClass: 31154K(31996K)->31154K(31996K) Class: 4120K(4736K)->4120K(4736K)
[2021-05-15T10:05:23.391+0200][gc           ] GC(7) Pause Young (Normal) (G1 Evacuation Pause) 191M->141M(1024M) 6,231ms
[2021-05-15T10:05:23.391+0200][gc,cpu       ] GC(7) User=0,02s Sys=0,00s Real=0,01s
