[2021-05-15T05:13:04.481+0200][gc,heap] Heap region size: 1M
[2021-05-15T05:13:04.481+0200][gc,heap,coops] Heap address: 0x00000000c0000000, size: 1024 MB, Compressed Oops mode: 32-bit
[2021-05-15T05:13:04.494+0200][gc           ] Using G1
[2021-05-15T05:13:04.495+0200][gc,cds       ] Mark closed archive regions in map: [0x00000000fff00000, 0x00000000fff7eff8]
[2021-05-15T05:13:04.495+0200][gc,cds       ] Mark open archive regions in map: [0x00000000ffe00000, 0x00000000ffe51ff8]
[2021-05-15T05:13:04.504+0200][gc           ] Periodic GC disabled
[2021-05-15T05:13:07.263+0200][gc,start     ] GC(0) Pause Young (Normal) (G1 Evacuation Pause)
[2021-05-15T05:13:07.263+0200][gc,task      ] GC(0) Using 4 workers of 4 for evacuation
[2021-05-15T05:13:07.286+0200][gc,phases    ] GC(0)   Pre Evacuate Collection Set: 0,2ms
[2021-05-15T05:13:07.286+0200][gc,phases    ] GC(0)   Merge Heap Roots: 0,0ms
[2021-05-15T05:13:07.286+0200][gc,phases    ] GC(0)   Evacuate Collection Set: 13,6ms
[2021-05-15T05:13:07.286+0200][gc,phases    ] GC(0)   Post Evacuate Collection Set: 0,7ms
[2021-05-15T05:13:07.286+0200][gc,phases    ] GC(0)   Other: 0,4ms
[2021-05-15T05:13:07.286+0200][gc,heap      ] GC(0) Eden regions: 51->0(44)
[2021-05-15T05:13:07.286+0200][gc,heap      ] GC(0) Survivor regions: 0->7(7)
[2021-05-15T05:13:07.286+0200][gc,heap      ] GC(0) Old regions: 0->0
[2021-05-15T05:13:07.286+0200][gc,heap      ] GC(0) Archive regions: 2->2
[2021-05-15T05:13:07.286+0200][gc,heap      ] GC(0) Humongous regions: 0->0
[2021-05-15T05:13:07.286+0200][gc,metaspace ] GC(0) Metaspace: 14387K(15104K)->14387K(15104K) NonClass: 12573K(13056K)->12573K(13056K) Class: 1813K(2048K)->1813K(2048K)
[2021-05-15T05:13:07.286+0200][gc           ] GC(0) Pause Young (Normal) (G1 Evacuation Pause) 51M->7M(1024M) 23,268ms
[2021-05-15T05:13:07.286+0200][gc,cpu       ] GC(0) User=0,03s Sys=0,01s Real=0,02s
[2021-05-15T05:13:08.071+0200][gc,start     ] GC(1) Pause Young (Concurrent Start) (Metadata GC Threshold)
[2021-05-15T05:13:08.071+0200][gc,task      ] GC(1) Using 4 workers of 4 for evacuation
[2021-05-15T05:13:08.080+0200][gc,phases    ] GC(1)   Pre Evacuate Collection Set: 0,6ms
[2021-05-15T05:13:08.080+0200][gc,phases    ] GC(1)   Merge Heap Roots: 0,0ms
[2021-05-15T05:13:08.080+0200][gc,phases    ] GC(1)   Evacuate Collection Set: 7,4ms
[2021-05-15T05:13:08.080+0200][gc,phases    ] GC(1)   Post Evacuate Collection Set: 0,6ms
[2021-05-15T05:13:08.080+0200][gc,phases    ] GC(1)   Other: 0,5ms
[2021-05-15T05:13:08.080+0200][gc,heap      ] GC(1) Eden regions: 27->0(49)
[2021-05-15T05:13:08.080+0200][gc,heap      ] GC(1) Survivor regions: 7->2(7)
[2021-05-15T05:13:08.080+0200][gc,heap      ] GC(1) Old regions: 0->7
[2021-05-15T05:13:08.080+0200][gc,heap      ] GC(1) Archive regions: 2->2
[2021-05-15T05:13:08.080+0200][gc,heap      ] GC(1) Humongous regions: 0->0
[2021-05-15T05:13:08.080+0200][gc,metaspace ] GC(1) Metaspace: 20535K(21248K)->20535K(21248K) NonClass: 17967K(18432K)->17967K(18432K) Class: 2568K(2816K)->2568K(2816K)
[2021-05-15T05:13:08.080+0200][gc           ] GC(1) Pause Young (Concurrent Start) (Metadata GC Threshold) 33M->8M(1024M) 9,188ms
[2021-05-15T05:13:08.080+0200][gc,cpu       ] GC(1) User=0,03s Sys=0,00s Real=0,00s
[2021-05-15T05:13:08.080+0200][gc           ] GC(2) Concurrent Cycle
[2021-05-15T05:13:08.080+0200][gc,marking   ] GC(2) Concurrent Clear Claimed Marks
[2021-05-15T05:13:08.080+0200][gc,marking   ] GC(2) Concurrent Clear Claimed Marks 0,060ms
[2021-05-15T05:13:08.080+0200][gc,marking   ] GC(2) Concurrent Scan Root Regions
[2021-05-15T05:13:08.084+0200][gc,marking   ] GC(2) Concurrent Scan Root Regions 3,531ms
[2021-05-15T05:13:08.084+0200][gc,marking   ] GC(2) Concurrent Mark (3,607s)
[2021-05-15T05:13:08.084+0200][gc,marking   ] GC(2) Concurrent Mark From Roots
[2021-05-15T05:13:08.084+0200][gc,task      ] GC(2) Using 1 workers of 1 for marking
[2021-05-15T05:13:08.086+0200][gc,marking   ] GC(2) Concurrent Mark From Roots 1,861ms
[2021-05-15T05:13:08.086+0200][gc,marking   ] GC(2) Concurrent Preclean
[2021-05-15T05:13:08.086+0200][gc,marking   ] GC(2) Concurrent Preclean 0,053ms
[2021-05-15T05:13:08.086+0200][gc,marking   ] GC(2) Concurrent Mark (3,607s, 3,609s) 1,971ms
[2021-05-15T05:13:08.086+0200][gc,start     ] GC(2) Pause Remark
[2021-05-15T05:13:08.087+0200][gc           ] GC(2) Pause Remark 8M->8M(1024M) 1,056ms
[2021-05-15T05:13:08.087+0200][gc,cpu       ] GC(2) User=0,00s Sys=0,00s Real=0,00s
[2021-05-15T05:13:08.087+0200][gc,marking   ] GC(2) Concurrent Rebuild Remembered Sets
[2021-05-15T05:13:08.090+0200][gc,marking   ] GC(2) Concurrent Rebuild Remembered Sets 3,153ms
[2021-05-15T05:13:08.094+0200][gc,start     ] GC(2) Pause Cleanup
[2021-05-15T05:13:08.094+0200][gc           ] GC(2) Pause Cleanup 8M->8M(1024M) 0,163ms
[2021-05-15T05:13:08.094+0200][gc,cpu       ] GC(2) User=0,00s Sys=0,00s Real=0,00s
[2021-05-15T05:13:08.094+0200][gc,marking   ] GC(2) Concurrent Cleanup for Next Mark
[2021-05-15T05:13:08.103+0200][gc,marking   ] GC(2) Concurrent Cleanup for Next Mark 8,528ms
[2021-05-15T05:13:08.103+0200][gc           ] GC(2) Concurrent Cycle 22,681ms
[2021-05-15T05:13:09.113+0200][gc,start     ] GC(3) Pause Young (Normal) (G1 Evacuation Pause)
[2021-05-15T05:13:09.113+0200][gc,task      ] GC(3) Using 4 workers of 4 for evacuation
[2021-05-15T05:13:09.119+0200][gc,phases    ] GC(3)   Pre Evacuate Collection Set: 0,1ms
[2021-05-15T05:13:09.119+0200][gc,phases    ] GC(3)   Merge Heap Roots: 0,1ms
[2021-05-15T05:13:09.119+0200][gc,phases    ] GC(3)   Evacuate Collection Set: 5,8ms
[2021-05-15T05:13:09.119+0200][gc,phases    ] GC(3)   Post Evacuate Collection Set: 0,6ms
[2021-05-15T05:13:09.119+0200][gc,phases    ] GC(3)   Other: 0,1ms
[2021-05-15T05:13:09.119+0200][gc,heap      ] GC(3) Eden regions: 49->0(46)
[2021-05-15T05:13:09.119+0200][gc,heap      ] GC(3) Survivor regions: 2->5(7)
[2021-05-15T05:13:09.119+0200][gc,heap      ] GC(3) Old regions: 7->7
[2021-05-15T05:13:09.119+0200][gc,heap      ] GC(3) Archive regions: 2->2
[2021-05-15T05:13:09.119+0200][gc,heap      ] GC(3) Humongous regions: 129->129
[2021-05-15T05:13:09.119+0200][gc,metaspace ] GC(3) Metaspace: 28953K(30076K)->28953K(30076K) NonClass: 25471K(26108K)->25471K(26108K) Class: 3481K(3968K)->3481K(3968K)
[2021-05-15T05:13:09.119+0200][gc           ] GC(3) Pause Young (Normal) (G1 Evacuation Pause) 186M->140M(1024M) 6,841ms
[2021-05-15T05:13:09.119+0200][gc,cpu       ] GC(3) User=0,01s Sys=0,00s Real=0,00s
[2021-05-15T05:14:14.190+0200][gc,start     ] GC(4) Pause Young (Concurrent Start) (Metadata GC Threshold)
[2021-05-15T05:14:14.190+0200][gc,task      ] GC(4) Using 4 workers of 4 for evacuation
[2021-05-15T05:14:14.205+0200][gc,phases    ] GC(4)   Pre Evacuate Collection Set: 0,2ms
[2021-05-15T05:14:14.205+0200][gc,phases    ] GC(4)   Merge Heap Roots: 0,1ms
[2021-05-15T05:14:14.205+0200][gc,phases    ] GC(4)   Evacuate Collection Set: 12,9ms
[2021-05-15T05:14:14.205+0200][gc,phases    ] GC(4)   Post Evacuate Collection Set: 0,7ms
[2021-05-15T05:14:14.205+0200][gc,phases    ] GC(4)   Other: 0,4ms
[2021-05-15T05:14:14.205+0200][gc,heap      ] GC(4) Eden regions: 27->0(49)
[2021-05-15T05:14:14.205+0200][gc,heap      ] GC(4) Survivor regions: 5->2(7)
[2021-05-15T05:14:14.205+0200][gc,heap      ] GC(4) Old regions: 7->11
[2021-05-15T05:14:14.205+0200][gc,heap      ] GC(4) Archive regions: 2->2
[2021-05-15T05:14:14.205+0200][gc,heap      ] GC(4) Humongous regions: 129->129
[2021-05-15T05:14:14.205+0200][gc,metaspace ] GC(4) Metaspace: 34593K(35964K)->34593K(35964K) NonClass: 30487K(31228K)->30487K(31228K) Class: 4106K(4736K)->4106K(4736K)
[2021-05-15T05:14:14.205+0200][gc           ] GC(4) Pause Young (Concurrent Start) (Metadata GC Threshold) 166M->141M(1024M) 14,410ms
[2021-05-15T05:14:14.205+0200][gc,cpu       ] GC(4) User=0,03s Sys=0,00s Real=0,01s
[2021-05-15T05:14:14.205+0200][gc           ] GC(5) Concurrent Cycle
[2021-05-15T05:14:14.205+0200][gc,marking   ] GC(5) Concurrent Clear Claimed Marks
[2021-05-15T05:14:14.205+0200][gc,marking   ] GC(5) Concurrent Clear Claimed Marks 0,125ms
[2021-05-15T05:14:14.205+0200][gc,marking   ] GC(5) Concurrent Scan Root Regions
[2021-05-15T05:14:14.211+0200][gc,marking   ] GC(5) Concurrent Scan Root Regions 6,043ms
[2021-05-15T05:14:14.211+0200][gc,marking   ] GC(5) Concurrent Mark (69,734s)
[2021-05-15T05:14:14.211+0200][gc,marking   ] GC(5) Concurrent Mark From Roots
[2021-05-15T05:14:14.211+0200][gc,task      ] GC(5) Using 1 workers of 1 for marking
[2021-05-15T05:14:14.226+0200][gc,marking   ] GC(5) Concurrent Mark From Roots 14,914ms
[2021-05-15T05:14:14.226+0200][gc,marking   ] GC(5) Concurrent Preclean
[2021-05-15T05:14:14.226+0200][gc,marking   ] GC(5) Concurrent Preclean 0,172ms
[2021-05-15T05:14:14.226+0200][gc,marking   ] GC(5) Concurrent Mark (69,734s, 69,750s) 15,195ms
[2021-05-15T05:14:14.226+0200][gc,start     ] GC(5) Pause Remark
[2021-05-15T05:14:14.229+0200][gc           ] GC(5) Pause Remark 142M->142M(1024M) 2,914ms
[2021-05-15T05:14:14.229+0200][gc,cpu       ] GC(5) User=0,00s Sys=0,00s Real=0,01s
[2021-05-15T05:14:14.229+0200][gc,marking   ] GC(5) Concurrent Rebuild Remembered Sets
[2021-05-15T05:14:14.242+0200][gc,marking   ] GC(5) Concurrent Rebuild Remembered Sets 12,811ms
[2021-05-15T05:14:14.243+0200][gc,start     ] GC(5) Pause Cleanup
[2021-05-15T05:14:14.243+0200][gc           ] GC(5) Pause Cleanup 142M->142M(1024M) 0,244ms
[2021-05-15T05:14:14.243+0200][gc,cpu       ] GC(5) User=0,00s Sys=0,00s Real=0,00s
[2021-05-15T05:14:14.243+0200][gc,marking   ] GC(5) Concurrent Cleanup for Next Mark
[2021-05-15T05:14:14.302+0200][gc,marking   ] GC(5) Concurrent Cleanup for Next Mark 58,784ms
[2021-05-15T05:14:14.302+0200][gc           ] GC(5) Concurrent Cycle 97,230ms
[2021-05-15T05:28:16.312+0200][gc,heap,exit ] Heap
[2021-05-15T05:28:16.313+0200][gc,heap,exit ]  garbage-first heap   total 1048576K, used 166884K [0x00000000c0000000, 0x0000000100000000)
[2021-05-15T05:28:16.313+0200][gc,heap,exit ]   region size 1024K, 25 young (25600K), 2 survivors (2048K)
[2021-05-15T05:28:16.313+0200][gc,heap,exit ]  Metaspace       used 36631K, capacity 38280K, committed 38524K, reserved 1083392K
[2021-05-15T05:28:16.313+0200][gc,heap,exit ]   class space    used 4593K, capacity 5392K, committed 5504K, reserved 1048576K
