[2021-05-15T04:45:19.298+0200][gc,heap] Heap region size: 1M
[2021-05-15T04:45:19.298+0200][gc,heap,coops] Heap address: 0x00000000c0000000, size: 1024 MB, Compressed Oops mode: 32-bit
[2021-05-15T04:45:19.307+0200][gc           ] Using G1
[2021-05-15T04:45:19.307+0200][gc,cds       ] Mark closed archive regions in map: [0x00000000fff00000, 0x00000000fff7eff8]
[2021-05-15T04:45:19.307+0200][gc,cds       ] Mark open archive regions in map: [0x00000000ffe00000, 0x00000000ffe51ff8]
[2021-05-15T04:45:19.315+0200][gc           ] Periodic GC disabled
[2021-05-15T04:45:22.727+0200][gc,start     ] GC(0) Pause Young (Normal) (G1 Evacuation Pause)
[2021-05-15T04:45:22.727+0200][gc,task      ] GC(0) Using 4 workers of 4 for evacuation
[2021-05-15T04:45:22.734+0200][gc,phases    ] GC(0)   Pre Evacuate Collection Set: 0,1ms
[2021-05-15T04:45:22.734+0200][gc,phases    ] GC(0)   Merge Heap Roots: 0,0ms
[2021-05-15T04:45:22.734+0200][gc,phases    ] GC(0)   Evacuate Collection Set: 6,2ms
[2021-05-15T04:45:22.734+0200][gc,phases    ] GC(0)   Post Evacuate Collection Set: 0,5ms
[2021-05-15T04:45:22.734+0200][gc,phases    ] GC(0)   Other: 0,4ms
[2021-05-15T04:45:22.734+0200][gc,heap      ] GC(0) Eden regions: 51->0(44)
[2021-05-15T04:45:22.734+0200][gc,heap      ] GC(0) Survivor regions: 0->7(7)
[2021-05-15T04:45:22.734+0200][gc,heap      ] GC(0) Old regions: 0->0
[2021-05-15T04:45:22.734+0200][gc,heap      ] GC(0) Archive regions: 2->2
[2021-05-15T04:45:22.734+0200][gc,heap      ] GC(0) Humongous regions: 0->0
[2021-05-15T04:45:22.734+0200][gc,metaspace ] GC(0) Metaspace: 14384K(15104K)->14384K(15104K) NonClass: 12570K(13056K)->12570K(13056K) Class: 1813K(2048K)->1813K(2048K)
[2021-05-15T04:45:22.734+0200][gc           ] GC(0) Pause Young (Normal) (G1 Evacuation Pause) 51M->7M(1024M) 7,492ms
[2021-05-15T04:45:22.734+0200][gc,cpu       ] GC(0) User=0,02s Sys=0,00s Real=0,01s
[2021-05-15T04:45:23.622+0200][gc,start     ] GC(1) Pause Young (Concurrent Start) (Metadata GC Threshold)
[2021-05-15T04:45:23.622+0200][gc,task      ] GC(1) Using 4 workers of 4 for evacuation
[2021-05-15T04:45:23.629+0200][gc,phases    ] GC(1)   Pre Evacuate Collection Set: 0,1ms
[2021-05-15T04:45:23.629+0200][gc,phases    ] GC(1)   Merge Heap Roots: 0,0ms
[2021-05-15T04:45:23.629+0200][gc,phases    ] GC(1)   Evacuate Collection Set: 6,1ms
[2021-05-15T04:45:23.629+0200][gc,phases    ] GC(1)   Post Evacuate Collection Set: 0,5ms
[2021-05-15T04:45:23.629+0200][gc,phases    ] GC(1)   Other: 0,2ms
[2021-05-15T04:45:23.629+0200][gc,heap      ] GC(1) Eden regions: 28->0(49)
[2021-05-15T04:45:23.629+0200][gc,heap      ] GC(1) Survivor regions: 7->2(7)
[2021-05-15T04:45:23.629+0200][gc,heap      ] GC(1) Old regions: 0->7
[2021-05-15T04:45:23.629+0200][gc,heap      ] GC(1) Archive regions: 2->2
[2021-05-15T04:45:23.629+0200][gc,heap      ] GC(1) Humongous regions: 0->0
[2021-05-15T04:45:23.629+0200][gc,metaspace ] GC(1) Metaspace: 20619K(21248K)->20619K(21248K) NonClass: 18051K(18432K)->18051K(18432K) Class: 2568K(2816K)->2568K(2816K)
[2021-05-15T04:45:23.629+0200][gc           ] GC(1) Pause Young (Concurrent Start) (Metadata GC Threshold) 34M->8M(1024M) 7,029ms
[2021-05-15T04:45:23.629+0200][gc,cpu       ] GC(1) User=0,02s Sys=0,02s Real=0,00s
[2021-05-15T04:45:23.629+0200][gc           ] GC(2) Concurrent Cycle
[2021-05-15T04:45:23.629+0200][gc,marking   ] GC(2) Concurrent Clear Claimed Marks
[2021-05-15T04:45:23.629+0200][gc,marking   ] GC(2) Concurrent Clear Claimed Marks 0,048ms
[2021-05-15T04:45:23.629+0200][gc,marking   ] GC(2) Concurrent Scan Root Regions
[2021-05-15T04:45:23.633+0200][gc,marking   ] GC(2) Concurrent Scan Root Regions 4,373ms
[2021-05-15T04:45:23.633+0200][gc,marking   ] GC(2) Concurrent Mark (4,351s)
[2021-05-15T04:45:23.633+0200][gc,marking   ] GC(2) Concurrent Mark From Roots
[2021-05-15T04:45:23.633+0200][gc,task      ] GC(2) Using 1 workers of 1 for marking
[2021-05-15T04:45:23.636+0200][gc,marking   ] GC(2) Concurrent Mark From Roots 2,310ms
[2021-05-15T04:45:23.636+0200][gc,marking   ] GC(2) Concurrent Preclean
[2021-05-15T04:45:23.636+0200][gc,marking   ] GC(2) Concurrent Preclean 0,054ms
[2021-05-15T04:45:23.636+0200][gc,marking   ] GC(2) Concurrent Mark (4,351s, 4,353s) 2,427ms
[2021-05-15T04:45:23.642+0200][gc,start     ] GC(2) Pause Remark
[2021-05-15T04:45:23.643+0200][gc           ] GC(2) Pause Remark 8M->8M(1024M) 1,077ms
[2021-05-15T04:45:23.643+0200][gc,cpu       ] GC(2) User=0,00s Sys=0,00s Real=0,00s
[2021-05-15T04:45:23.643+0200][gc,marking   ] GC(2) Concurrent Rebuild Remembered Sets
[2021-05-15T04:45:23.647+0200][gc,marking   ] GC(2) Concurrent Rebuild Remembered Sets 3,482ms
[2021-05-15T04:45:23.648+0200][gc,start     ] GC(2) Pause Cleanup
[2021-05-15T04:45:23.648+0200][gc           ] GC(2) Pause Cleanup 8M->8M(1024M) 0,232ms
[2021-05-15T04:45:23.648+0200][gc,cpu       ] GC(2) User=0,00s Sys=0,00s Real=0,00s
[2021-05-15T04:45:23.648+0200][gc,marking   ] GC(2) Concurrent Cleanup for Next Mark
[2021-05-15T04:45:23.658+0200][gc,marking   ] GC(2) Concurrent Cleanup for Next Mark 9,382ms
[2021-05-15T04:45:23.658+0200][gc           ] GC(2) Concurrent Cycle 29,042ms
[2021-05-15T04:45:24.567+0200][gc,start     ] GC(3) Pause Young (Normal) (G1 Evacuation Pause)
[2021-05-15T04:45:24.567+0200][gc,task      ] GC(3) Using 4 workers of 4 for evacuation
[2021-05-15T04:45:24.574+0200][gc,phases    ] GC(3)   Pre Evacuate Collection Set: 0,2ms
[2021-05-15T04:45:24.574+0200][gc,phases    ] GC(3)   Merge Heap Roots: 0,1ms
[2021-05-15T04:45:24.574+0200][gc,phases    ] GC(3)   Evacuate Collection Set: 5,8ms
[2021-05-15T04:45:24.574+0200][gc,phases    ] GC(3)   Post Evacuate Collection Set: 0,4ms
[2021-05-15T04:45:24.574+0200][gc,phases    ] GC(3)   Other: 0,1ms
[2021-05-15T04:45:24.574+0200][gc,heap      ] GC(3) Eden regions: 49->0(46)
[2021-05-15T04:45:24.574+0200][gc,heap      ] GC(3) Survivor regions: 2->5(7)
[2021-05-15T04:45:24.574+0200][gc,heap      ] GC(3) Old regions: 7->7
[2021-05-15T04:45:24.574+0200][gc,heap      ] GC(3) Archive regions: 2->2
[2021-05-15T04:45:24.574+0200][gc,heap      ] GC(3) Humongous regions: 129->129
[2021-05-15T04:45:24.574+0200][gc,metaspace ] GC(3) Metaspace: 28961K(30076K)->28961K(30076K) NonClass: 25479K(26112K)->25479K(26112K) Class: 3482K(3964K)->3482K(3964K)
[2021-05-15T04:45:24.574+0200][gc           ] GC(3) Pause Young (Normal) (G1 Evacuation Pause) 186M->140M(1024M) 6,645ms
[2021-05-15T04:45:24.574+0200][gc,cpu       ] GC(3) User=0,02s Sys=0,00s Real=0,01s
[2021-05-15T05:00:37.779+0200][gc,start     ] GC(4) Pause Young (Concurrent Start) (Metadata GC Threshold)
[2021-05-15T05:00:37.779+0200][gc,task      ] GC(4) Using 4 workers of 4 for evacuation
[2021-05-15T05:00:37.790+0200][gc,phases    ] GC(4)   Pre Evacuate Collection Set: 0,3ms
[2021-05-15T05:00:37.790+0200][gc,phases    ] GC(4)   Merge Heap Roots: 0,1ms
[2021-05-15T05:00:37.790+0200][gc,phases    ] GC(4)   Evacuate Collection Set: 10,3ms
[2021-05-15T05:00:37.790+0200][gc,phases    ] GC(4)   Post Evacuate Collection Set: 0,5ms
[2021-05-15T05:00:37.790+0200][gc,phases    ] GC(4)   Other: 0,7ms
[2021-05-15T05:00:37.790+0200][gc,heap      ] GC(4) Eden regions: 32->0(49)
[2021-05-15T05:00:37.790+0200][gc,heap      ] GC(4) Survivor regions: 5->2(7)
[2021-05-15T05:00:37.790+0200][gc,heap      ] GC(4) Old regions: 7->11
[2021-05-15T05:00:37.790+0200][gc,heap      ] GC(4) Archive regions: 2->2
[2021-05-15T05:00:37.790+0200][gc,heap      ] GC(4) Humongous regions: 129->129
[2021-05-15T05:00:37.791+0200][gc,metaspace ] GC(4) Metaspace: 34663K(35964K)->34663K(35964K) NonClass: 30573K(31232K)->30573K(31232K) Class: 4090K(4732K)->4090K(4732K)
[2021-05-15T05:00:37.791+0200][gc           ] GC(4) Pause Young (Concurrent Start) (Metadata GC Threshold) 171M->141M(1024M) 11,906ms
[2021-05-15T05:00:37.791+0200][gc,cpu       ] GC(4) User=0,05s Sys=0,00s Real=0,02s
[2021-05-15T05:00:37.791+0200][gc           ] GC(5) Concurrent Cycle
[2021-05-15T05:00:37.791+0200][gc,marking   ] GC(5) Concurrent Clear Claimed Marks
[2021-05-15T05:00:37.791+0200][gc,marking   ] GC(5) Concurrent Clear Claimed Marks 0,112ms
[2021-05-15T05:00:37.791+0200][gc,marking   ] GC(5) Concurrent Scan Root Regions
[2021-05-15T05:00:37.795+0200][gc,marking   ] GC(5) Concurrent Scan Root Regions 3,867ms
[2021-05-15T05:00:37.795+0200][gc,marking   ] GC(5) Concurrent Mark (918,512s)
[2021-05-15T05:00:37.795+0200][gc,marking   ] GC(5) Concurrent Mark From Roots
[2021-05-15T05:00:37.795+0200][gc,task      ] GC(5) Using 1 workers of 1 for marking
[2021-05-15T05:00:37.802+0200][gc,marking   ] GC(5) Concurrent Mark From Roots 7,061ms
[2021-05-15T05:00:37.802+0200][gc,marking   ] GC(5) Concurrent Preclean
[2021-05-15T05:00:37.802+0200][gc,marking   ] GC(5) Concurrent Preclean 0,121ms
[2021-05-15T05:00:37.802+0200][gc,marking   ] GC(5) Concurrent Mark (918,512s, 918,520s) 7,236ms
[2021-05-15T05:00:37.802+0200][gc,start     ] GC(5) Pause Remark
[2021-05-15T05:00:37.808+0200][gc           ] GC(5) Pause Remark 142M->142M(1024M) 5,995ms
[2021-05-15T05:00:37.808+0200][gc,cpu       ] GC(5) User=0,02s Sys=0,00s Real=0,00s
[2021-05-15T05:00:37.808+0200][gc,marking   ] GC(5) Concurrent Rebuild Remembered Sets
[2021-05-15T05:00:37.818+0200][gc,marking   ] GC(5) Concurrent Rebuild Remembered Sets 9,798ms
[2021-05-15T05:00:37.818+0200][gc,start     ] GC(5) Pause Cleanup
[2021-05-15T05:00:37.818+0200][gc           ] GC(5) Pause Cleanup 142M->142M(1024M) 0,147ms
[2021-05-15T05:00:37.818+0200][gc,cpu       ] GC(5) User=0,00s Sys=0,00s Real=0,00s
[2021-05-15T05:00:37.818+0200][gc,marking   ] GC(5) Concurrent Cleanup for Next Mark
[2021-05-15T05:00:37.826+0200][gc,marking   ] GC(5) Concurrent Cleanup for Next Mark 7,413ms
[2021-05-15T05:00:37.826+0200][gc           ] GC(5) Concurrent Cycle 35,254ms
[2021-05-15T05:08:25.840+0200][gc,heap,exit ] Heap
[2021-05-15T05:08:25.840+0200][gc,heap,exit ]  garbage-first heap   total 1048576K, used 159721K [0x00000000c0000000, 0x0000000100000000)
[2021-05-15T05:08:25.841+0200][gc,heap,exit ]   region size 1024K, 17 young (17408K), 2 survivors (2048K)
[2021-05-15T05:08:25.841+0200][gc,heap,exit ]  Metaspace       used 35533K, capacity 36981K, committed 37244K, reserved 1081344K
[2021-05-15T05:08:25.841+0200][gc,heap,exit ]   class space    used 4269K, capacity 4919K, committed 4988K, reserved 1048576K
