[2021-05-15T05:36:34.248+0200][gc,heap] Heap region size: 1M
[2021-05-15T05:36:34.248+0200][gc,heap,coops] Heap address: 0x00000000c0000000, size: 1024 MB, Compressed Oops mode: 32-bit
[2021-05-15T05:36:34.260+0200][gc           ] Using G1
[2021-05-15T05:36:34.260+0200][gc,cds       ] Mark closed archive regions in map: [0x00000000fff00000, 0x00000000fff7eff8]
[2021-05-15T05:36:34.260+0200][gc,cds       ] Mark open archive regions in map: [0x00000000ffe00000, 0x00000000ffe51ff8]
[2021-05-15T05:36:34.269+0200][gc           ] Periodic GC disabled
[2021-05-15T05:36:35.332+0200][gc,start     ] GC(0) Pause Young (Normal) (G1 Evacuation Pause)
[2021-05-15T05:36:35.332+0200][gc,task      ] GC(0) Using 4 workers of 4 for evacuation
[2021-05-15T05:36:35.340+0200][gc,phases    ] GC(0)   Pre Evacuate Collection Set: 0,1ms
[2021-05-15T05:36:35.340+0200][gc,phases    ] GC(0)   Merge Heap Roots: 0,0ms
[2021-05-15T05:36:35.340+0200][gc,phases    ] GC(0)   Evacuate Collection Set: 6,8ms
[2021-05-15T05:36:35.340+0200][gc,phases    ] GC(0)   Post Evacuate Collection Set: 0,6ms
[2021-05-15T05:36:35.340+0200][gc,phases    ] GC(0)   Other: 0,4ms
[2021-05-15T05:36:35.340+0200][gc,heap      ] GC(0) Eden regions: 51->0(44)
[2021-05-15T05:36:35.340+0200][gc,heap      ] GC(0) Survivor regions: 0->7(7)
[2021-05-15T05:36:35.340+0200][gc,heap      ] GC(0) Old regions: 0->0
[2021-05-15T05:36:35.340+0200][gc,heap      ] GC(0) Archive regions: 2->2
[2021-05-15T05:36:35.340+0200][gc,heap      ] GC(0) Humongous regions: 0->0
[2021-05-15T05:36:35.340+0200][gc,metaspace ] GC(0) Metaspace: 15021K(15616K)->15021K(15616K) NonClass: 13129K(13568K)->13129K(13568K) Class: 1891K(2048K)->1891K(2048K)
[2021-05-15T05:36:35.340+0200][gc           ] GC(0) Pause Young (Normal) (G1 Evacuation Pause) 51M->7M(1024M) 8,140ms
[2021-05-15T05:36:35.340+0200][gc,cpu       ] GC(0) User=0,02s Sys=0,00s Real=0,00s
[2021-05-15T05:36:35.768+0200][gc,start     ] GC(1) Pause Young (Concurrent Start) (Metadata GC Threshold)
[2021-05-15T05:36:35.768+0200][gc,task      ] GC(1) Using 4 workers of 4 for evacuation
[2021-05-15T05:36:35.778+0200][gc,phases    ] GC(1)   Pre Evacuate Collection Set: 0,2ms
[2021-05-15T05:36:35.779+0200][gc,phases    ] GC(1)   Merge Heap Roots: 0,0ms
[2021-05-15T05:36:35.779+0200][gc,phases    ] GC(1)   Evacuate Collection Set: 7,1ms
[2021-05-15T05:36:35.779+0200][gc,phases    ] GC(1)   Post Evacuate Collection Set: 2,3ms
[2021-05-15T05:36:35.779+0200][gc,phases    ] GC(1)   Other: 0,5ms
[2021-05-15T05:36:35.779+0200][gc,heap      ] GC(1) Eden regions: 24->0(50)
[2021-05-15T05:36:35.779+0200][gc,heap      ] GC(1) Survivor regions: 7->1(7)
[2021-05-15T05:36:35.779+0200][gc,heap      ] GC(1) Old regions: 0->7
[2021-05-15T05:36:35.779+0200][gc,heap      ] GC(1) Archive regions: 2->2
[2021-05-15T05:36:35.779+0200][gc,heap      ] GC(1) Humongous regions: 0->0
[2021-05-15T05:36:35.779+0200][gc,metaspace ] GC(1) Metaspace: 20538K(21248K)->20538K(21248K) NonClass: 17969K(18432K)->17969K(18432K) Class: 2568K(2816K)->2568K(2816K)
[2021-05-15T05:36:35.779+0200][gc           ] GC(1) Pause Young (Concurrent Start) (Metadata GC Threshold) 30M->8M(1024M) 11,414ms
[2021-05-15T05:36:35.780+0200][gc,cpu       ] GC(1) User=0,03s Sys=0,00s Real=0,01s
[2021-05-15T05:36:35.780+0200][gc           ] GC(2) Concurrent Cycle
[2021-05-15T05:36:35.780+0200][gc,marking   ] GC(2) Concurrent Clear Claimed Marks
[2021-05-15T05:36:35.780+0200][gc,marking   ] GC(2) Concurrent Clear Claimed Marks 0,230ms
[2021-05-15T05:36:35.780+0200][gc,marking   ] GC(2) Concurrent Scan Root Regions
[2021-05-15T05:36:35.788+0200][gc,marking   ] GC(2) Concurrent Scan Root Regions 7,868ms
[2021-05-15T05:36:35.788+0200][gc,marking   ] GC(2) Concurrent Mark (1,545s)
[2021-05-15T05:36:35.788+0200][gc,marking   ] GC(2) Concurrent Mark From Roots
[2021-05-15T05:36:35.788+0200][gc,task      ] GC(2) Using 1 workers of 1 for marking
[2021-05-15T05:36:35.795+0200][gc,marking   ] GC(2) Concurrent Mark From Roots 6,558ms
[2021-05-15T05:36:35.795+0200][gc,marking   ] GC(2) Concurrent Preclean
[2021-05-15T05:36:35.795+0200][gc,marking   ] GC(2) Concurrent Preclean 0,058ms
[2021-05-15T05:36:35.795+0200][gc,marking   ] GC(2) Concurrent Mark (1,545s, 1,552s) 6,693ms
[2021-05-15T05:36:35.795+0200][gc,start     ] GC(2) Pause Remark
[2021-05-15T05:36:35.796+0200][gc           ] GC(2) Pause Remark 8M->8M(1024M) 0,996ms
[2021-05-15T05:36:35.796+0200][gc,cpu       ] GC(2) User=0,01s Sys=0,00s Real=0,00s
[2021-05-15T05:36:35.796+0200][gc,marking   ] GC(2) Concurrent Rebuild Remembered Sets
[2021-05-15T05:36:35.800+0200][gc,marking   ] GC(2) Concurrent Rebuild Remembered Sets 4,070ms
[2021-05-15T05:36:35.801+0200][gc,start     ] GC(2) Pause Cleanup
[2021-05-15T05:36:35.801+0200][gc           ] GC(2) Pause Cleanup 8M->8M(1024M) 0,263ms
[2021-05-15T05:36:35.801+0200][gc,cpu       ] GC(2) User=0,00s Sys=0,00s Real=0,01s
[2021-05-15T05:36:35.801+0200][gc,marking   ] GC(2) Concurrent Cleanup for Next Mark
[2021-05-15T05:36:35.812+0200][gc,marking   ] GC(2) Concurrent Cleanup for Next Mark 10,873ms
[2021-05-15T05:36:35.812+0200][gc           ] GC(2) Concurrent Cycle 32,592ms
[2021-05-15T05:36:36.678+0200][gc,start     ] GC(3) Pause Young (Normal) (G1 Evacuation Pause)
[2021-05-15T05:36:36.678+0200][gc,task      ] GC(3) Using 4 workers of 4 for evacuation
[2021-05-15T05:36:36.686+0200][gc,phases    ] GC(3)   Pre Evacuate Collection Set: 0,1ms
[2021-05-15T05:36:36.686+0200][gc,phases    ] GC(3)   Merge Heap Roots: 0,0ms
[2021-05-15T05:36:36.686+0200][gc,phases    ] GC(3)   Evacuate Collection Set: 7,1ms
[2021-05-15T05:36:36.686+0200][gc,phases    ] GC(3)   Post Evacuate Collection Set: 0,6ms
[2021-05-15T05:36:36.686+0200][gc,phases    ] GC(3)   Other: 0,1ms
[2021-05-15T05:36:36.686+0200][gc,heap      ] GC(3) Eden regions: 50->0(46)
[2021-05-15T05:36:36.686+0200][gc,heap      ] GC(3) Survivor regions: 1->5(7)
[2021-05-15T05:36:36.686+0200][gc,heap      ] GC(3) Old regions: 7->7
[2021-05-15T05:36:36.686+0200][gc,heap      ] GC(3) Archive regions: 2->2
[2021-05-15T05:36:36.686+0200][gc,heap      ] GC(3) Humongous regions: 129->129
[2021-05-15T05:36:36.686+0200][gc,metaspace ] GC(3) Metaspace: 29345K(30588K)->29345K(30588K) NonClass: 25828K(26620K)->25828K(26620K) Class: 3517K(3968K)->3517K(3968K)
[2021-05-15T05:36:36.686+0200][gc           ] GC(3) Pause Young (Normal) (G1 Evacuation Pause) 187M->140M(1024M) 8,098ms
[2021-05-15T05:36:36.686+0200][gc,cpu       ] GC(3) User=0,02s Sys=0,00s Real=0,01s
[2021-05-15T05:36:37.152+0200][gc,start     ] GC(4) Pause Young (Concurrent Start) (Metadata GC Threshold)
[2021-05-15T05:36:37.152+0200][gc,task      ] GC(4) Using 4 workers of 4 for evacuation
[2021-05-15T05:36:37.160+0200][gc,phases    ] GC(4)   Pre Evacuate Collection Set: 0,3ms
[2021-05-15T05:36:37.160+0200][gc,phases    ] GC(4)   Merge Heap Roots: 0,1ms
[2021-05-15T05:36:37.160+0200][gc,phases    ] GC(4)   Evacuate Collection Set: 6,9ms
[2021-05-15T05:36:37.160+0200][gc,phases    ] GC(4)   Post Evacuate Collection Set: 0,5ms
[2021-05-15T05:36:37.160+0200][gc,phases    ] GC(4)   Other: 0,3ms
[2021-05-15T05:36:37.160+0200][gc,heap      ] GC(4) Eden regions: 26->0(49)
[2021-05-15T05:36:37.160+0200][gc,heap      ] GC(4) Survivor regions: 5->2(7)
[2021-05-15T05:36:37.160+0200][gc,heap      ] GC(4) Old regions: 7->11
[2021-05-15T05:36:37.160+0200][gc,heap      ] GC(4) Archive regions: 2->2
[2021-05-15T05:36:37.160+0200][gc,heap      ] GC(4) Humongous regions: 129->129
[2021-05-15T05:36:37.160+0200][gc,metaspace ] GC(4) Metaspace: 34681K(36048K)->34681K(36048K) NonClass: 30474K(31184K)->30474K(31184K) Class: 4207K(4864K)->4207K(4864K)
[2021-05-15T05:36:37.160+0200][gc           ] GC(4) Pause Young (Concurrent Start) (Metadata GC Threshold) 165M->142M(1024M) 8,112ms
[2021-05-15T05:36:37.160+0200][gc,cpu       ] GC(4) User=0,02s Sys=0,01s Real=0,00s
[2021-05-15T05:36:37.160+0200][gc           ] GC(5) Concurrent Cycle
[2021-05-15T05:36:37.160+0200][gc,marking   ] GC(5) Concurrent Clear Claimed Marks
[2021-05-15T05:36:37.160+0200][gc,marking   ] GC(5) Concurrent Clear Claimed Marks 0,149ms
[2021-05-15T05:36:37.160+0200][gc,marking   ] GC(5) Concurrent Scan Root Regions
[2021-05-15T05:36:37.167+0200][gc,marking   ] GC(5) Concurrent Scan Root Regions 6,996ms
[2021-05-15T05:36:37.167+0200][gc,marking   ] GC(5) Concurrent Mark (2,924s)
[2021-05-15T05:36:37.167+0200][gc,marking   ] GC(5) Concurrent Mark From Roots
[2021-05-15T05:36:37.167+0200][gc,task      ] GC(5) Using 1 workers of 1 for marking
[2021-05-15T05:36:37.182+0200][gc,marking   ] GC(5) Concurrent Mark From Roots 14,622ms
[2021-05-15T05:36:37.182+0200][gc,marking   ] GC(5) Concurrent Preclean
[2021-05-15T05:36:37.182+0200][gc,marking   ] GC(5) Concurrent Preclean 0,171ms
[2021-05-15T05:36:37.182+0200][gc,marking   ] GC(5) Concurrent Mark (2,924s, 2,939s) 14,889ms
[2021-05-15T05:36:37.182+0200][gc,start     ] GC(5) Pause Remark
[2021-05-15T05:36:37.188+0200][gc           ] GC(5) Pause Remark 142M->142M(1024M) 5,347ms
[2021-05-15T05:36:37.188+0200][gc,cpu       ] GC(5) User=0,00s Sys=0,01s Real=0,00s
[2021-05-15T05:36:37.188+0200][gc,marking   ] GC(5) Concurrent Rebuild Remembered Sets
[2021-05-15T05:36:37.215+0200][gc,marking   ] GC(5) Concurrent Rebuild Remembered Sets 26,189ms
[2021-05-15T05:36:37.215+0200][gc,start     ] GC(5) Pause Cleanup
[2021-05-15T05:36:37.215+0200][gc           ] GC(5) Pause Cleanup 143M->143M(1024M) 0,252ms
[2021-05-15T05:36:37.215+0200][gc,cpu       ] GC(5) User=0,00s Sys=0,00s Real=0,00s
[2021-05-15T05:36:37.215+0200][gc,marking   ] GC(5) Concurrent Cleanup for Next Mark
[2021-05-15T05:36:37.227+0200][gc,marking   ] GC(5) Concurrent Cleanup for Next Mark 11,886ms
[2021-05-15T05:36:37.227+0200][gc           ] GC(5) Concurrent Cycle 67,213ms
[2021-05-15T07:27:34.083+0200][gc,start     ] GC(6) Pause Young (Normal) (G1 Evacuation Pause)
[2021-05-15T07:27:34.083+0200][gc,task      ] GC(6) Using 4 workers of 4 for evacuation
[2021-05-15T07:27:34.091+0200][gc,phases    ] GC(6)   Pre Evacuate Collection Set: 0,2ms
[2021-05-15T07:27:34.091+0200][gc,phases    ] GC(6)   Merge Heap Roots: 0,1ms
[2021-05-15T07:27:34.091+0200][gc,phases    ] GC(6)   Evacuate Collection Set: 6,7ms
[2021-05-15T07:27:34.091+0200][gc,phases    ] GC(6)   Post Evacuate Collection Set: 0,5ms
[2021-05-15T07:27:34.091+0200][gc,phases    ] GC(6)   Other: 0,6ms
[2021-05-15T07:27:34.091+0200][gc,heap      ] GC(6) Eden regions: 49->0(49)
[2021-05-15T07:27:34.091+0200][gc,heap      ] GC(6) Survivor regions: 2->2(7)
[2021-05-15T07:27:34.091+0200][gc,heap      ] GC(6) Old regions: 11->11
[2021-05-15T07:27:34.091+0200][gc,heap      ] GC(6) Archive regions: 2->2
[2021-05-15T07:27:34.091+0200][gc,heap      ] GC(6) Humongous regions: 129->129
[2021-05-15T07:27:34.091+0200][gc,metaspace ] GC(6) Metaspace: 36163K(37840K)->36163K(37840K) NonClass: 31772K(32720K)->31772K(32720K) Class: 4390K(5120K)->4390K(5120K)
[2021-05-15T07:27:34.091+0200][gc           ] GC(6) Pause Young (Normal) (G1 Evacuation Pause) 191M->142M(1024M) 8,320ms
[2021-05-15T07:27:34.091+0200][gc,cpu       ] GC(6) User=0,02s Sys=0,00s Real=0,01s
[2021-05-15T09:32:46.803+0200][gc,start     ] GC(7) Pause Young (Normal) (G1 Evacuation Pause)
[2021-05-15T09:32:46.803+0200][gc,task      ] GC(7) Using 4 workers of 4 for evacuation
[2021-05-15T09:32:46.810+0200][gc,phases    ] GC(7)   Pre Evacuate Collection Set: 0,2ms
[2021-05-15T09:32:46.810+0200][gc,phases    ] GC(7)   Merge Heap Roots: 0,2ms
[2021-05-15T09:32:46.810+0200][gc,phases    ] GC(7)   Evacuate Collection Set: 6,0ms
[2021-05-15T09:32:46.810+0200][gc,phases    ] GC(7)   Post Evacuate Collection Set: 0,6ms
[2021-05-15T09:32:46.810+0200][gc,phases    ] GC(7)   Other: 0,6ms
[2021-05-15T09:32:46.810+0200][gc,heap      ] GC(7) Eden regions: 49->0(49)
[2021-05-15T09:32:46.810+0200][gc,heap      ] GC(7) Survivor regions: 2->2(7)
[2021-05-15T09:32:46.810+0200][gc,heap      ] GC(7) Old regions: 11->11
[2021-05-15T09:32:46.810+0200][gc,heap      ] GC(7) Archive regions: 2->2
[2021-05-15T09:32:46.810+0200][gc,heap      ] GC(7) Humongous regions: 129->129
[2021-05-15T09:32:46.810+0200][gc,metaspace ] GC(7) Metaspace: 36308K(38096K)->36308K(38096K) NonClass: 31918K(32976K)->31918K(32976K) Class: 4390K(5120K)->4390K(5120K)
[2021-05-15T09:32:46.810+0200][gc           ] GC(7) Pause Young (Normal) (G1 Evacuation Pause) 191M->142M(1024M) 7,607ms
[2021-05-15T09:32:46.810+0200][gc,cpu       ] GC(7) User=0,02s Sys=0,00s Real=0,01s
[2021-05-15T11:40:21.701+0200][gc,start     ] GC(8) Pause Young (Normal) (G1 Evacuation Pause)
[2021-05-15T11:40:21.701+0200][gc,task      ] GC(8) Using 4 workers of 4 for evacuation
[2021-05-15T11:40:21.710+0200][gc,phases    ] GC(8)   Pre Evacuate Collection Set: 0,2ms
[2021-05-15T11:40:21.710+0200][gc,phases    ] GC(8)   Merge Heap Roots: 0,1ms
[2021-05-15T11:40:21.710+0200][gc,phases    ] GC(8)   Evacuate Collection Set: 8,2ms
[2021-05-15T11:40:21.710+0200][gc,phases    ] GC(8)   Post Evacuate Collection Set: 0,5ms
[2021-05-15T11:40:21.710+0200][gc,phases    ] GC(8)   Other: 0,4ms
[2021-05-15T11:40:21.710+0200][gc,heap      ] GC(8) Eden regions: 49->0(49)
[2021-05-15T11:40:21.710+0200][gc,heap      ] GC(8) Survivor regions: 2->2(7)
[2021-05-15T11:40:21.710+0200][gc,heap      ] GC(8) Old regions: 11->11
[2021-05-15T11:40:21.710+0200][gc,heap      ] GC(8) Archive regions: 2->2
[2021-05-15T11:40:21.710+0200][gc,heap      ] GC(8) Humongous regions: 129->129
[2021-05-15T11:40:21.710+0200][gc,metaspace ] GC(8) Metaspace: 36376K(38096K)->36376K(38096K) NonClass: 31985K(32976K)->31985K(32976K) Class: 4390K(5120K)->4390K(5120K)
[2021-05-15T11:40:21.710+0200][gc           ] GC(8) Pause Young (Normal) (G1 Evacuation Pause) 191M->142M(1024M) 9,508ms
[2021-05-15T11:40:21.710+0200][gc,cpu       ] GC(8) User=0,02s Sys=0,00s Real=0,02s
