[2021-05-15T11:53:22.267+0200][gc,heap] Heap region size: 1M
[2021-05-15T11:53:22.267+0200][gc,heap,coops] Heap address: 0x00000000c0000000, size: 1024 MB, Compressed Oops mode: 32-bit
[2021-05-15T11:53:22.280+0200][gc           ] Using G1
[2021-05-15T11:53:22.280+0200][gc,cds       ] Mark closed archive regions in map: [0x00000000fff00000, 0x00000000fff7eff8]
[2021-05-15T11:53:22.280+0200][gc,cds       ] Mark open archive regions in map: [0x00000000ffe00000, 0x00000000ffe51ff8]
[2021-05-15T11:53:22.290+0200][gc           ] Periodic GC disabled
[2021-05-15T11:53:23.762+0200][gc,start     ] GC(0) Pause Young (Normal) (G1 Evacuation Pause)
[2021-05-15T11:53:23.762+0200][gc,task      ] GC(0) Using 4 workers of 4 for evacuation
[2021-05-15T11:53:23.770+0200][gc,phases    ] GC(0)   Pre Evacuate Collection Set: 0,1ms
[2021-05-15T11:53:23.770+0200][gc,phases    ] GC(0)   Merge Heap Roots: 0,1ms
[2021-05-15T11:53:23.770+0200][gc,phases    ] GC(0)   Evacuate Collection Set: 7,1ms
[2021-05-15T11:53:23.770+0200][gc,phases    ] GC(0)   Post Evacuate Collection Set: 0,8ms
[2021-05-15T11:53:23.771+0200][gc,phases    ] GC(0)   Other: 0,5ms
[2021-05-15T11:53:23.771+0200][gc,heap      ] GC(0) Eden regions: 51->0(44)
[2021-05-15T11:53:23.771+0200][gc,heap      ] GC(0) Survivor regions: 0->7(7)
[2021-05-15T11:53:23.771+0200][gc,heap      ] GC(0) Old regions: 0->0
[2021-05-15T11:53:23.771+0200][gc,heap      ] GC(0) Archive regions: 2->2
[2021-05-15T11:53:23.771+0200][gc,heap      ] GC(0) Humongous regions: 0->0
[2021-05-15T11:53:23.771+0200][gc,metaspace ] GC(0) Metaspace: 14404K(15104K)->14404K(15104K) NonClass: 12590K(13056K)->12590K(13056K) Class: 1813K(2048K)->1813K(2048K)
[2021-05-15T11:53:23.771+0200][gc           ] GC(0) Pause Young (Normal) (G1 Evacuation Pause) 51M->6M(1024M) 8,739ms
[2021-05-15T11:53:23.771+0200][gc,cpu       ] GC(0) User=0,03s Sys=0,00s Real=0,01s
[2021-05-15T11:53:24.562+0200][gc,start     ] GC(1) Pause Young (Concurrent Start) (Metadata GC Threshold)
[2021-05-15T11:53:24.562+0200][gc,task      ] GC(1) Using 4 workers of 4 for evacuation
[2021-05-15T11:53:24.569+0200][gc,phases    ] GC(1)   Pre Evacuate Collection Set: 0,2ms
[2021-05-15T11:53:24.569+0200][gc,phases    ] GC(1)   Merge Heap Roots: 0,0ms
[2021-05-15T11:53:24.569+0200][gc,phases    ] GC(1)   Evacuate Collection Set: 6,3ms
[2021-05-15T11:53:24.569+0200][gc,phases    ] GC(1)   Post Evacuate Collection Set: 0,4ms
[2021-05-15T11:53:24.569+0200][gc,phases    ] GC(1)   Other: 0,2ms
[2021-05-15T11:53:24.569+0200][gc,heap      ] GC(1) Eden regions: 27->0(49)
[2021-05-15T11:53:24.569+0200][gc,heap      ] GC(1) Survivor regions: 7->2(7)
[2021-05-15T11:53:24.569+0200][gc,heap      ] GC(1) Old regions: 0->7
[2021-05-15T11:53:24.569+0200][gc,heap      ] GC(1) Archive regions: 2->2
[2021-05-15T11:53:24.569+0200][gc,heap      ] GC(1) Humongous regions: 0->0
[2021-05-15T11:53:24.569+0200][gc,metaspace ] GC(1) Metaspace: 20590K(21248K)->20590K(21248K) NonClass: 18040K(18432K)->18040K(18432K) Class: 2550K(2816K)->2550K(2816K)
[2021-05-15T11:53:24.569+0200][gc           ] GC(1) Pause Young (Concurrent Start) (Metadata GC Threshold) 33M->8M(1024M) 7,271ms
[2021-05-15T11:53:24.569+0200][gc,cpu       ] GC(1) User=0,03s Sys=0,00s Real=0,01s
[2021-05-15T11:53:24.569+0200][gc           ] GC(2) Concurrent Cycle
[2021-05-15T11:53:24.569+0200][gc,marking   ] GC(2) Concurrent Clear Claimed Marks
[2021-05-15T11:53:24.569+0200][gc,marking   ] GC(2) Concurrent Clear Claimed Marks 0,053ms
[2021-05-15T11:53:24.569+0200][gc,marking   ] GC(2) Concurrent Scan Root Regions
[2021-05-15T11:53:24.573+0200][gc,marking   ] GC(2) Concurrent Scan Root Regions 3,786ms
[2021-05-15T11:53:24.573+0200][gc,marking   ] GC(2) Concurrent Mark (2,310s)
[2021-05-15T11:53:24.573+0200][gc,marking   ] GC(2) Concurrent Mark From Roots
[2021-05-15T11:53:24.573+0200][gc,task      ] GC(2) Using 1 workers of 1 for marking
[2021-05-15T11:53:24.575+0200][gc,marking   ] GC(2) Concurrent Mark From Roots 1,810ms
[2021-05-15T11:53:24.575+0200][gc,marking   ] GC(2) Concurrent Preclean
[2021-05-15T11:53:24.575+0200][gc,marking   ] GC(2) Concurrent Preclean 0,054ms
[2021-05-15T11:53:24.575+0200][gc,marking   ] GC(2) Concurrent Mark (2,310s, 2,312s) 1,911ms
[2021-05-15T11:53:24.575+0200][gc,start     ] GC(2) Pause Remark
[2021-05-15T11:53:24.577+0200][gc           ] GC(2) Pause Remark 8M->8M(1024M) 1,733ms
[2021-05-15T11:53:24.577+0200][gc,cpu       ] GC(2) User=0,01s Sys=0,00s Real=0,00s
[2021-05-15T11:53:24.577+0200][gc,marking   ] GC(2) Concurrent Rebuild Remembered Sets
[2021-05-15T11:53:24.583+0200][gc,marking   ] GC(2) Concurrent Rebuild Remembered Sets 5,450ms
[2021-05-15T11:53:24.584+0200][gc,start     ] GC(2) Pause Cleanup
[2021-05-15T11:53:24.585+0200][gc           ] GC(2) Pause Cleanup 8M->8M(1024M) 0,258ms
[2021-05-15T11:53:24.585+0200][gc,cpu       ] GC(2) User=0,00s Sys=0,00s Real=0,00s
[2021-05-15T11:53:24.585+0200][gc,marking   ] GC(2) Concurrent Cleanup for Next Mark
[2021-05-15T11:53:24.598+0200][gc,marking   ] GC(2) Concurrent Cleanup for Next Mark 13,754ms
[2021-05-15T11:53:24.598+0200][gc           ] GC(2) Concurrent Cycle 29,293ms
[2021-05-15T11:53:25.466+0200][gc,start     ] GC(3) Pause Young (Normal) (G1 Evacuation Pause)
[2021-05-15T11:53:25.466+0200][gc,task      ] GC(3) Using 4 workers of 4 for evacuation
[2021-05-15T11:53:25.472+0200][gc,phases    ] GC(3)   Pre Evacuate Collection Set: 0,1ms
[2021-05-15T11:53:25.472+0200][gc,phases    ] GC(3)   Merge Heap Roots: 0,0ms
[2021-05-15T11:53:25.472+0200][gc,phases    ] GC(3)   Evacuate Collection Set: 5,3ms
[2021-05-15T11:53:25.472+0200][gc,phases    ] GC(3)   Post Evacuate Collection Set: 0,5ms
[2021-05-15T11:53:25.472+0200][gc,phases    ] GC(3)   Other: 0,1ms
[2021-05-15T11:53:25.472+0200][gc,heap      ] GC(3) Eden regions: 49->0(46)
[2021-05-15T11:53:25.472+0200][gc,heap      ] GC(3) Survivor regions: 2->5(7)
[2021-05-15T11:53:25.472+0200][gc,heap      ] GC(3) Old regions: 7->7
[2021-05-15T11:53:25.472+0200][gc,heap      ] GC(3) Archive regions: 2->2
[2021-05-15T11:53:25.472+0200][gc,heap      ] GC(3) Humongous regions: 129->129
[2021-05-15T11:53:25.472+0200][gc,metaspace ] GC(3) Metaspace: 28933K(30080K)->28933K(30080K) NonClass: 25486K(26112K)->25486K(26112K) Class: 3446K(3968K)->3446K(3968K)
[2021-05-15T11:53:25.472+0200][gc           ] GC(3) Pause Young (Normal) (G1 Evacuation Pause) 186M->140M(1024M) 6,176ms
[2021-05-15T11:53:25.472+0200][gc,cpu       ] GC(3) User=0,02s Sys=0,00s Real=0,01s
[2021-05-15T11:53:26.029+0200][gc,start     ] GC(4) Pause Young (Concurrent Start) (Metadata GC Threshold)
[2021-05-15T11:53:26.029+0200][gc,task      ] GC(4) Using 4 workers of 4 for evacuation
[2021-05-15T11:53:26.038+0200][gc,phases    ] GC(4)   Pre Evacuate Collection Set: 0,3ms
[2021-05-15T11:53:26.038+0200][gc,phases    ] GC(4)   Merge Heap Roots: 0,5ms
[2021-05-15T11:53:26.038+0200][gc,phases    ] GC(4)   Evacuate Collection Set: 7,4ms
[2021-05-15T11:53:26.038+0200][gc,phases    ] GC(4)   Post Evacuate Collection Set: 0,8ms
[2021-05-15T11:53:26.038+0200][gc,phases    ] GC(4)   Other: 0,3ms
[2021-05-15T11:53:26.038+0200][gc,heap      ] GC(4) Eden regions: 26->0(49)
[2021-05-15T11:53:26.038+0200][gc,heap      ] GC(4) Survivor regions: 5->2(7)
[2021-05-15T11:53:26.038+0200][gc,heap      ] GC(4) Old regions: 7->11
[2021-05-15T11:53:26.038+0200][gc,heap      ] GC(4) Archive regions: 2->2
[2021-05-15T11:53:26.038+0200][gc,heap      ] GC(4) Humongous regions: 129->129
[2021-05-15T11:53:26.038+0200][gc,metaspace ] GC(4) Metaspace: 34377K(35840K)->34377K(35840K) NonClass: 30235K(30976K)->30235K(30976K) Class: 4142K(4864K)->4142K(4864K)
[2021-05-15T11:53:26.038+0200][gc           ] GC(4) Pause Young (Concurrent Start) (Metadata GC Threshold) 166M->142M(1024M) 9,346ms
[2021-05-15T11:53:26.038+0200][gc,cpu       ] GC(4) User=0,02s Sys=0,01s Real=0,00s
[2021-05-15T11:53:26.039+0200][gc           ] GC(5) Concurrent Cycle
[2021-05-15T11:53:26.039+0200][gc,marking   ] GC(5) Concurrent Clear Claimed Marks
[2021-05-15T11:53:26.039+0200][gc,marking   ] GC(5) Concurrent Clear Claimed Marks 0,132ms
[2021-05-15T11:53:26.039+0200][gc,marking   ] GC(5) Concurrent Scan Root Regions
[2021-05-15T11:53:26.047+0200][gc,marking   ] GC(5) Concurrent Scan Root Regions 8,218ms
[2021-05-15T11:53:26.047+0200][gc,marking   ] GC(5) Concurrent Mark (3,784s)
[2021-05-15T11:53:26.047+0200][gc,marking   ] GC(5) Concurrent Mark From Roots
[2021-05-15T11:53:26.047+0200][gc,task      ] GC(5) Using 1 workers of 1 for marking
[2021-05-15T11:53:26.092+0200][gc,marking   ] GC(5) Concurrent Mark From Roots 45,302ms
[2021-05-15T11:53:26.092+0200][gc,marking   ] GC(5) Concurrent Preclean
[2021-05-15T11:53:26.093+0200][gc,marking   ] GC(5) Concurrent Preclean 0,142ms
[2021-05-15T11:53:26.093+0200][gc,marking   ] GC(5) Concurrent Mark (3,784s, 3,830s) 45,545ms
[2021-05-15T11:53:26.093+0200][gc,start     ] GC(5) Pause Remark
[2021-05-15T11:53:26.096+0200][gc           ] GC(5) Pause Remark 143M->143M(1024M) 2,736ms
[2021-05-15T11:53:26.096+0200][gc,cpu       ] GC(5) User=0,00s Sys=0,01s Real=0,00s
[2021-05-15T11:53:26.096+0200][gc,marking   ] GC(5) Concurrent Rebuild Remembered Sets
[2021-05-15T11:53:26.110+0200][gc,marking   ] GC(5) Concurrent Rebuild Remembered Sets 14,327ms
[2021-05-15T11:53:26.110+0200][gc,start     ] GC(5) Pause Cleanup
[2021-05-15T11:53:26.111+0200][gc           ] GC(5) Pause Cleanup 144M->144M(1024M) 0,409ms
[2021-05-15T11:53:26.111+0200][gc,cpu       ] GC(5) User=0,00s Sys=0,00s Real=0,00s
[2021-05-15T11:53:26.112+0200][gc,marking   ] GC(5) Concurrent Cleanup for Next Mark
[2021-05-15T11:53:26.122+0200][gc,marking   ] GC(5) Concurrent Cleanup for Next Mark 10,718ms
[2021-05-15T11:53:26.122+0200][gc           ] GC(5) Concurrent Cycle 83,790ms
[2021-05-15T13:43:55.189+0200][gc,start     ] GC(6) Pause Young (Normal) (G1 Evacuation Pause)
[2021-05-15T13:43:55.190+0200][gc,task      ] GC(6) Using 4 workers of 4 for evacuation
[2021-05-15T13:43:55.197+0200][gc,phases    ] GC(6)   Pre Evacuate Collection Set: 0,3ms
[2021-05-15T13:43:55.197+0200][gc,phases    ] GC(6)   Merge Heap Roots: 0,2ms
[2021-05-15T13:43:55.197+0200][gc,phases    ] GC(6)   Evacuate Collection Set: 6,8ms
[2021-05-15T13:43:55.197+0200][gc,phases    ] GC(6)   Post Evacuate Collection Set: 0,5ms
[2021-05-15T13:43:55.198+0200][gc,phases    ] GC(6)   Other: 0,7ms
[2021-05-15T13:43:55.198+0200][gc,heap      ] GC(6) Eden regions: 49->0(49)
[2021-05-15T13:43:55.198+0200][gc,heap      ] GC(6) Survivor regions: 2->2(7)
[2021-05-15T13:43:55.198+0200][gc,heap      ] GC(6) Old regions: 11->11
[2021-05-15T13:43:55.198+0200][gc,heap      ] GC(6) Archive regions: 2->2
[2021-05-15T13:43:55.198+0200][gc,heap      ] GC(6) Humongous regions: 129->129
[2021-05-15T13:43:55.198+0200][gc,metaspace ] GC(6) Metaspace: 36122K(37888K)->36122K(37888K) NonClass: 31743K(32768K)->31743K(32768K) Class: 4379K(5120K)->4379K(5120K)
[2021-05-15T13:43:55.198+0200][gc           ] GC(6) Pause Young (Normal) (G1 Evacuation Pause) 191M->142M(1024M) 8,489ms
[2021-05-15T13:43:55.198+0200][gc,cpu       ] GC(6) User=0,03s Sys=0,00s Real=0,00s
