[2021-05-15T04:00:47.581+0200][gc,heap] Heap region size: 1M
[2021-05-15T04:00:47.581+0200][gc,heap,coops] Heap address: 0x00000000e0000000, size: 512 MB, Compressed Oops mode: 32-bit
[2021-05-15T04:00:47.589+0200][gc           ] Using G1
[2021-05-15T04:00:47.589+0200][gc,cds       ] Mark closed archive regions in map: [0x00000000fff00000, 0x00000000fff7eff8]
[2021-05-15T04:00:47.589+0200][gc,cds       ] Mark open archive regions in map: [0x00000000ffe00000, 0x00000000ffe51ff8]
[2021-05-15T04:00:47.598+0200][gc           ] Periodic GC disabled
[2021-05-15T04:06:43.228+0200][gc,start     ] GC(0) Pause Young (Normal) (G1 Evacuation Pause)
[2021-05-15T04:06:43.229+0200][gc,task      ] GC(0) Using 4 workers of 4 for evacuation
[2021-05-15T04:06:43.235+0200][gc,phases    ] GC(0)   Pre Evacuate Collection Set: 0,1ms
[2021-05-15T04:06:43.235+0200][gc,phases    ] GC(0)   Merge Heap Roots: 0,0ms
[2021-05-15T04:06:43.235+0200][gc,phases    ] GC(0)   Evacuate Collection Set: 5,4ms
[2021-05-15T04:06:43.235+0200][gc,phases    ] GC(0)   Post Evacuate Collection Set: 0,4ms
[2021-05-15T04:06:43.235+0200][gc,phases    ] GC(0)   Other: 0,9ms
[2021-05-15T04:06:43.235+0200][gc,heap      ] GC(0) Eden regions: 25->0(21)
[2021-05-15T04:06:43.235+0200][gc,heap      ] GC(0) Survivor regions: 0->4(4)
[2021-05-15T04:06:43.235+0200][gc,heap      ] GC(0) Old regions: 0->2
[2021-05-15T04:06:43.235+0200][gc,heap      ] GC(0) Archive regions: 2->2
[2021-05-15T04:06:43.235+0200][gc,heap      ] GC(0) Humongous regions: 0->0
[2021-05-15T04:06:43.235+0200][gc,metaspace ] GC(0) Metaspace: 7466K(7936K)->7466K(7936K) NonClass: 6614K(6912K)->6614K(6912K) Class: 851K(1024K)->851K(1024K)
[2021-05-15T04:06:43.235+0200][gc           ] GC(0) Pause Young (Normal) (G1 Evacuation Pause) 25M->6M(512M) 6,957ms
[2021-05-15T04:06:43.235+0200][gc,cpu       ] GC(0) User=0,02s Sys=0,01s Real=0,01s
[2021-05-15T07:27:26.034+0200][gc,start     ] GC(1) Pause Young (Normal) (G1 Evacuation Pause)
[2021-05-15T07:27:26.048+0200][gc,task      ] GC(1) Using 4 workers of 4 for evacuation
[2021-05-15T07:27:26.105+0200][gc,mmu       ] GC(1) MMU target violated: 21,0ms (20,0ms/21,0ms)
[2021-05-15T07:27:26.105+0200][gc,phases    ] GC(1)   Pre Evacuate Collection Set: 6,0ms
[2021-05-15T07:27:26.105+0200][gc,phases    ] GC(1)   Merge Heap Roots: 6,4ms
[2021-05-15T07:27:26.105+0200][gc,phases    ] GC(1)   Evacuate Collection Set: 13,3ms
[2021-05-15T07:27:26.105+0200][gc,phases    ] GC(1)   Post Evacuate Collection Set: 18,7ms
[2021-05-15T07:27:26.105+0200][gc,phases    ] GC(1)   Other: 34,3ms
[2021-05-15T07:27:26.105+0200][gc,heap      ] GC(1) Eden regions: 21->0(24)
[2021-05-15T07:27:26.105+0200][gc,heap      ] GC(1) Survivor regions: 4->1(4)
[2021-05-15T07:27:26.105+0200][gc,heap      ] GC(1) Old regions: 2->6
[2021-05-15T07:27:26.105+0200][gc,heap      ] GC(1) Archive regions: 2->2
[2021-05-15T07:27:26.105+0200][gc,heap      ] GC(1) Humongous regions: 0->0
[2021-05-15T07:27:26.105+0200][gc,metaspace ] GC(1) Metaspace: 8189K(8704K)->8189K(8704K) NonClass: 7319K(7680K)->7319K(7680K) Class: 870K(1024K)->870K(1024K)
[2021-05-15T07:27:26.105+0200][gc           ] GC(1) Pause Young (Normal) (G1 Evacuation Pause) 27M->6M(512M) 71,339ms
[2021-05-15T07:27:26.105+0200][gc,cpu       ] GC(1) User=0,02s Sys=0,00s Real=0,07s
[2021-05-15T11:23:19.186+0200][gc,start     ] GC(2) Pause Young (Normal) (G1 Evacuation Pause)
[2021-05-15T11:23:19.186+0200][gc,task      ] GC(2) Using 4 workers of 4 for evacuation
[2021-05-15T11:23:19.188+0200][gc,phases    ] GC(2)   Pre Evacuate Collection Set: 0,1ms
[2021-05-15T11:23:19.188+0200][gc,phases    ] GC(2)   Merge Heap Roots: 0,1ms
[2021-05-15T11:23:19.188+0200][gc,phases    ] GC(2)   Evacuate Collection Set: 1,4ms
[2021-05-15T11:23:19.188+0200][gc,phases    ] GC(2)   Post Evacuate Collection Set: 0,5ms
[2021-05-15T11:23:19.188+0200][gc,phases    ] GC(2)   Other: 0,5ms
[2021-05-15T11:23:19.188+0200][gc,heap      ] GC(2) Eden regions: 24->0(24)
[2021-05-15T11:23:19.188+0200][gc,heap      ] GC(2) Survivor regions: 1->1(4)
[2021-05-15T11:23:19.188+0200][gc,heap      ] GC(2) Old regions: 6->6
[2021-05-15T11:23:19.188+0200][gc,heap      ] GC(2) Archive regions: 2->2
[2021-05-15T11:23:19.188+0200][gc,heap      ] GC(2) Humongous regions: 0->0
[2021-05-15T11:23:19.188+0200][gc,metaspace ] GC(2) Metaspace: 8200K(8704K)->8200K(8704K) NonClass: 7330K(7680K)->7330K(7680K) Class: 870K(1024K)->870K(1024K)
[2021-05-15T11:23:19.188+0200][gc           ] GC(2) Pause Young (Normal) (G1 Evacuation Pause) 30M->6M(512M) 2,822ms
[2021-05-15T11:23:19.188+0200][gc,cpu       ] GC(2) User=0,00s Sys=0,01s Real=0,00s
